
-----------------------------------------------------------------------
# DirectMaxFlux/UMA, Energy(wB97M-V/def2-TZVPD)
-----------------------------------------------------------------------

IRC-IRC-IRC-IRC-IRC-IRC-IRC-IRC-IRC-IRC-IRC-IRC-IRC-IRC-IRC-IRC-IRC-IRC

Copyright (c) 2025
Computational Biology Laboratory＠the University of Tokyo
(https://www.bi.a.u-tokyo.ac.jp/)　All Rights Reserved.
   _____       _       _    ______                _   _
  /  __ \     | |     | |   | ___ \              | | (_)
  | /  \/ ___ | | __ _| |__ | |_/ /___  __ _  ___| |_ _  ___  _ __
  | |    / _ \| |/ _` | '_ \|    // _ \/ _` |/ __| __| |/ _ \| '_ \
  | \__/| (_) | | (_| | |_) | |\ |  __| (_| | (__| |_| | (_) | | | |
   \____/\___/|_|\__,_|_.__/\_| \_\___|\__,_|\___|\__|_|\___/|_| |_|

    ColabReaction   Embody the Invisible --- the Transition State

***********************************************************************
   14-July-2025  Created by Computational Biology Laboratory＠UTokyo
***********************************************************************

If you use ColabReaction in your research, please cite the following pu
blication:

1. Karasawa, M.; Leow, C. S.; Yajima, H.; Arai, S.; Nishizaki, H.; Tera
   da, T.; Sato H. ChemRxiv 2025. DOI: 10.26434/chemrxiv-2025-zvkqk

We also recommend citing the following references related to the underl
ying DMF/UMA methodology:

2. Nakano, M.; Karasawa, M.; Ohmura, T.; Terada, T.; Sato, H. ChemRxiv
   2025. DOI: 10.26434/chemrxiv-2025-md8k6-v2
3. Koda, S.; Saito, S. Locating Transition States by Variational Reacti
   on Path Optimization with an Energy-Derivative-Free Objective Functi
   on. J. Chem. Theory Comput. 2024, 20 (7), 2798-2811.
4. Koda, S.; Saito, S. Flat-Bottom Elastic Network Model for Generating
   Improved Plausible Reaction Paths. J. Chem. Theory Comput. 2024, 20
   (16), 7176-7187.
5. Koda, S.; Saito, S. Correlated Flat-Bottom Elastic Network Model for
   Improved Bond Rearrangement in Reaction Paths. J. Chem. Theory Compu
   t. 2025, 21 (7), 3513-3522.
6. Wood, B. M.; Dzamba, M.; Fu, X.; Gao, M.; Shuaibi, M.; Barroso-Luque
   , L.; Abdelmaqsoud, K.; Gharakhanyan, V.; Kitchin, J. R.; Levine, D.
   S.; et al. UMA: A Family of Universal Models for Atoms. arXiv prepri
   nt 2025, https://ai.meta.com/research/publications/uma-a-family-of-u
   niversal-models-for-atoms.
7. Levine, D. S.; Shuaibi, M.; Spotte-Smith, E. W. C.; Taylor, M. G.; H
   asyim, M. R.; Michel, K.; Batatia, I.; Csányi, G.; Dzamba, M.; Eastm
   an, P.; et al. The Open Molecules 2025 (OMol25) Dataset, Evaluations
   , and Models. arXiv preprint 2025, arXiv:2505.08762 [physics.chem-ph
   ].
8. fairchem; https://github.com/facebookresearch/fairchem


IRC-IRC-IRC-IRC-IRC-IRC-IRC-IRC-IRC-IRC-IRC-IRC-IRC-IRC-IRC-IRC-IRC-IRC
                         Input orientation:
---------------------------------------------------------------------
Center     Atomic      Atomic             Coordinates (Angstroms)
Number     Number       Type             X           Y           Z
---------------------------------------------------------------------
    1	6 	0	 2.5152619574	 1.2047924468	 3.2264313191
    2	7 	0	 1.9571219574	 1.3597654468	 1.8673823191
    3	6 	0	 2.8842119574	 1.9822364468	 0.9047803191
    4	6 	0	 0.7499359574	 0.9714894468	 1.5904253191
    5	6 	0	 0.0121429574	 1.0593334468	 0.3122013191
    6	6 	0	-1.4194910426	 1.5101074468	 0.5921493191
    7	6 	0	-1.7505950426	 2.8690184468	 0.5222633191
    8	6 	0	-3.0535340426	 3.2908564468	 0.7910863191
    9	6 	0	-4.0308700426	 2.3594784468	 1.1455183191
   10	6 	0	-3.7044740426	 1.0038324468	 1.2251693191
   11	6 	0	-2.4040480426	 0.5801414468	 0.9495783191
   12	1 	0	 3.3988629574	 0.5628694468	 3.1791773191
   13	1 	0	 2.8050059574	 2.1887654468	 3.6049813191
   14	1 	0	 1.7700169574	 0.7615954468	 3.8868933191
   15	1 	0	 2.4547579574	 2.0056494468	-0.0926796809
   16	1 	0	 3.8068129574	 1.3964804468	 0.8864423191
   17	1 	0	 3.1117139574	 2.9977844468	 1.2409183191
   18	1 	0	 0.2126899574	 0.5213754468	 2.4236993191
   19	1 	0	 0.4977749574	 1.7249574468	-0.4049176809
   20	1 	0	 0.0188899574	 0.0400764468	-0.1534936809
   21	1 	0	-0.9947850426	 3.5998034468	 0.2429303191
   22	1 	0	-3.3033710426	 4.3454704468	 0.7232503191
   23	1 	0	-5.0444250426	 2.6877784468	 1.3551733191
   24	1 	0	-4.4637920426	 0.2750884468	 1.4930513191
   25	1 	0	-2.1588080426	-0.4782995532	 0.9998753191
   26	6 	0	 2.3079919574	-1.0916345532	-1.8625206809
   27	6 	0	 1.1665469574	-2.0649675532	-2.1615566809
   28	7 	0	-0.0477210426	-1.8331305532	-1.3350006809
   29	6 	0	-0.2461520426	-2.9102865532	-0.3442996809
   30	6 	0	 0.8606439574	-3.0074565532	 0.7053773191
   31	6 	0	-1.2598940426	-1.6904215532	-2.1740516809
   32	6 	0	-1.2929320426	-0.4044085532	-2.9983816809
   33	1 	0	 3.1798089574	-1.3204785532	-2.4858936809
   34	1 	0	 2.6207089574	-1.1515945532	-0.8135116809
   35	1 	0	 2.0037739574	-0.0602605532	-2.0767446809
   36	1 	0	 1.5166839574	-3.0979335532	-2.0274926809
   37	1 	0	 0.9013789574	-1.9792025532	-3.2202186809
   38	1 	0	-0.3538630426	-3.8891575532	-0.8459826809
   39	1 	0	-1.1995660426	-2.7180165532	 0.1624133191
   40	1 	0	 0.9743139574	-2.0647395532	 1.2559063191
   41	1 	0	 1.8305839574	-3.2598805532	 0.2657163191
   42	1 	0	 0.6163679574	-3.7917845532	 1.4294213191
   43	1 	0	-1.3746270426	-2.5637995532	-2.8403746809
   44	1 	0	-2.1250750426	-1.6973695532	-1.5017666809
   45	1 	0	-1.2914120426	 0.4807704468	-2.3532086809
   46	1 	0	-0.4471750426	-0.3275795532	-3.6899366809
   47	1 	0	-2.2073930426	-0.3771145532	-3.6001796809
---------------------------------------------------------------------
SCF Done:  E(scf) =  -736.3182304807     A.U.

IRC-IRC-IRC-IRC-IRC-IRC-IRC-IRC-IRC-IRC-IRC-IRC-IRC-IRC-IRC-IRC-IRC-IRC
Pt 0 Step number   1 out of a maximum of  1
NET REACTION COORDINATE UP TO THIS POINT =         0.0000000000

IRC-IRC-IRC-IRC-IRC-IRC-IRC-IRC-IRC-IRC-IRC-IRC-IRC-IRC-IRC-IRC-IRC-IRC
                         Input orientation:
---------------------------------------------------------------------
Center     Atomic      Atomic             Coordinates (Angstroms)
Number     Number       Type             X           Y           Z
---------------------------------------------------------------------
    1	6 	0	 2.5291514479	 1.1965531132	 3.2053875675
    2	7 	0	 1.9604131490	 1.3559393204	 1.8543482850
    3	6 	0	 2.8788184992	 1.9842871749	 0.8946827369
    4	6 	0	 0.7560541545	 0.9770631050	 1.5880076716
    5	6 	0	 0.0182760333	 1.0298011137	 0.2977643342
    6	6 	0	-1.4121048015	 1.4914796790	 0.5955365724
    7	6 	0	-1.7685611676	 2.8341179522	 0.4908238160
    8	6 	0	-3.0695217002	 3.2426969508	 0.7583674494
    9	6 	0	-4.0314663381	 2.3214815703	 1.1444497547
   10	6 	0	-3.6833147160	 0.9845277654	 1.2546291936
   11	6 	0	-2.3856982878	 0.5759168892	 0.9802001488
   12	1 	0	 3.4129702847	 0.5592922578	 3.1490674477
   13	1 	0	 2.8159548867	 2.1786305727	 3.5817368887
   14	1 	0	 1.7898681450	 0.7514723012	 3.8663311460
   15	1 	0	 2.4403961695	 2.0300652341	-0.0932661066
   16	1 	0	 3.7940197378	 1.3950184918	 0.8520958556
   17	1 	0	 3.1211240722	 2.9882700603	 1.2437030041
   18	1 	0	 0.2265553317	 0.5142403459	 2.4186714981
   19	1 	0	 0.4928661145	 1.7176921282	-0.4075057494
   20	1 	0	 0.0247321654	 0.0314636570	-0.1558429305
   21	1 	0	-1.0241825003	 3.5585433942	 0.1881998579
   22	1 	0	-3.3337221023	 4.2846341451	 0.6676742731
   23	1 	0	-5.0434298844	 2.6400219132	 1.3514761961
   24	1 	0	-4.4327119690	 0.2660936657	 1.5501774407
   25	1 	0	-2.1265940398	-0.4702334417	 1.0573635658
   26	6 	0	 2.3119692816	-1.1004216401	-1.8328562635
   27	6 	0	 1.1589782995	-2.0482772829	-2.1409978343
   28	7 	0	-0.0503865543	-1.8040971286	-1.3253855027
   29	6 	0	-0.2681245015	-2.8773962222	-0.3433000516
   30	6 	0	 0.8291289779	-2.9980591303	 0.7054149900
   31	6 	0	-1.2503578968	-1.6541367125	-2.1696628373
   32	6 	0	-1.2668737138	-0.3774535059	-3.0011083725
   33	1 	0	 3.1804976562	-1.3403907899	-2.4504033067
   34	1 	0	 2.6130619973	-1.1688749502	-0.7836942019
   35	1 	0	 2.0242027135	-0.0672183856	-2.0452678128
   36	1 	0	 1.4890695913	-3.0837866417	-2.0092393835
   37	1 	0	 0.9039221178	-1.9580285055	-3.1987033264
   38	1 	0	-0.3814186806	-3.8463861577	-0.8547289401
   39	1 	0	-1.2204044135	-2.6797974614	 0.1587230058
   40	1 	0	 0.9527140001	-2.0628650897	 1.2612218637
   41	1 	0	 1.7933399440	-3.2633487098	 0.2676613976
   42	1 	0	 0.5709379836	-3.7795492819	 1.4229501174
   43	1 	0	-1.3648449223	-2.5278150987	-2.8295318741
   44	1 	0	-2.1215147310	-1.6518676852	-1.5092933951
   45	1 	0	-1.2592093861	 0.5087425519	-2.3606501263
   46	1 	0	-0.4191771991	-0.3151764526	-3.6877269154
   47	1 	0	-2.1754032483	-0.3428650791	-3.6075011478
---------------------------------------------------------------------
SCF Done:  E(scf) =  -736.3188863180     A.U.

IRC-IRC-IRC-IRC-IRC-IRC-IRC-IRC-IRC-IRC-IRC-IRC-IRC-IRC-IRC-IRC-IRC-IRC
Pt 1 Step number   1 out of a maximum of  1
NET REACTION COORDINATE UP TO THIS POINT =         1.0000000000

IRC-IRC-IRC-IRC-IRC-IRC-IRC-IRC-IRC-IRC-IRC-IRC-IRC-IRC-IRC-IRC-IRC-IRC
                         Input orientation:
---------------------------------------------------------------------
Center     Atomic      Atomic             Coordinates (Angstroms)
Number     Number       Type             X           Y           Z
---------------------------------------------------------------------
    1	6 	0	 2.5445234522	 1.1887531728	 3.1854558142
    2	7 	0	 1.9665466268	 1.3543720812	 1.8418660660
    3	6 	0	 2.8756642690	 1.9881677319	 0.8819491891
    4	6 	0	 0.7625861352	 0.9792326987	 1.5840698763
    5	6 	0	 0.0218764154	 1.0242126275	 0.2962385948
    6	6 	0	-1.4087103494	 1.4748562122	 0.5992209541
    7	6 	0	-1.7864137099	 2.8041398458	 0.4579479757
    8	6 	0	-3.0881230055	 3.2018246232	 0.7235378576
    9	6 	0	-4.0323919845	 2.2832774432	 1.1434304456
   10	6 	0	-3.6652532291	 0.9598046869	 1.2876717824
   11	6 	0	-2.3667287884	 0.5630928754	 1.0147710882
   12	1 	0	 3.4288271505	 0.5553438367	 3.1196272625
   13	1 	0	 2.8300374592	 2.1689974886	 3.5625818127
   14	1 	0	 1.8112015946	 0.7399652815	 3.8478364433
   15	1 	0	 2.4260589780	 2.0565232077	-0.0974450283
   16	1 	0	 3.7833361666	 1.3922880282	 0.8159172233
   17	1 	0	 3.1325697728	 2.9811697565	 1.2454172715
   18	1 	0	 0.2426349853	 0.5061011425	 2.4139856313
   19	1 	0	 0.4868801310	 1.7152323997	-0.4103023558
   20	1 	0	 0.0335889866	 0.0255627053	-0.1499313614
   21	1 	0	-1.0549186901	 3.5260822822	 0.1283147621
   22	1 	0	-3.3658374346	 4.2346132237	 0.6060865606
   23	1 	0	-5.0442315389	 2.5942772233	 1.3480829206
   24	1 	0	-4.4023001241	 0.2444016376	 1.6109701294
   25	1 	0	-2.0955639548	-0.4749714450	 1.1193561406
   26	6 	0	 2.3173032891	-1.1096419371	-1.8024364655
   27	6 	0	 1.1547720468	-2.0370020898	-2.1241790383
   28	7 	0	-0.0547917348	-1.7829482528	-1.3211013140
   29	6 	0	-0.2922127639	-2.8503270063	-0.3431779125
   30	6 	0	 0.7968972047	-2.9904369265	 0.7072725456
   31	6 	0	-1.2443732602	-1.6196540557	-2.1704231898
   32	6 	0	-1.2406834378	-0.3487684966	-3.0059678237
   33	1 	0	 3.1862153485	-1.3595684728	-2.4128564793
   34	1 	0	 2.6075349070	-1.1866902295	-0.7522522366
   35	1 	0	 2.0462634674	-0.0730234807	-2.0133541252
   36	1 	0	 1.4678299977	-3.0753829588	-1.9960545527
   37	1 	0	 0.9106928855	-1.9386055124	-3.1814034446
   38	1 	0	-0.4165284624	-3.8134354920	-0.8575773113
   39	1 	0	-1.2425765693	-2.6411936651	 0.1541493478
   40	1 	0	 0.9307506102	-2.0607524059	 1.2676811767
   41	1 	0	 1.7577653032	-3.2684109844	 0.2736897718
   42	1 	0	 0.5245322690	-3.7694081483	 1.4199141966
   43	1 	0	-1.3650602171	-2.4921192758	-2.8266222664
   44	1 	0	-2.1190602297	-1.6045250023	-1.5175369713
   45	1 	0	-1.2270004346	 0.5390051665	-2.3694460562
   46	1 	0	-0.3898933344	-0.2993853224	-3.6877856972
   47	1 	0	-2.1442361989	-0.3050462187	-3.6171892103
---------------------------------------------------------------------
SCF Done:  E(scf) =  -736.3187121582     A.U.

IRC-IRC-IRC-IRC-IRC-IRC-IRC-IRC-IRC-IRC-IRC-IRC-IRC-IRC-IRC-IRC-IRC-IRC
Pt 2 Step number   1 out of a maximum of  1
NET REACTION COORDINATE UP TO THIS POINT =         2.0000000000

IRC-IRC-IRC-IRC-IRC-IRC-IRC-IRC-IRC-IRC-IRC-IRC-IRC-IRC-IRC-IRC-IRC-IRC
                         Input orientation:
---------------------------------------------------------------------
Center     Atomic      Atomic             Coordinates (Angstroms)
Number     Number       Type             X           Y           Z
---------------------------------------------------------------------
    1	6 	0	 2.5602241417	 1.1809372870	 3.1662944083
    2	7 	0	 1.9742906723	 1.3534149474	 1.8293110998
    3	6 	0	 2.8738575585	 1.9926558310	 0.8669810088
    4	6 	0	 0.7693710883	 0.9777444226	 1.5783160581
    5	6 	0	 0.0238969691	 1.0326639100	 0.3019809189
    6	6 	0	-1.4079166041	 1.4587101837	 0.6020187256
    7	6 	0	-1.8036174008	 2.7766592073	 0.4236274713
    8	6 	0	-3.1077611596	 3.1655259177	 0.6873281685
    9	6 	0	-4.0331462533	 2.2451387707	 1.1423602149
   10	6 	0	-3.6492356423	 0.9314887586	 1.3224867976
   11	6 	0	-2.3474824776	 0.5439839633	 1.0508990538
   12	1 	0	 3.4453216509	 0.5508407868	 3.0912663898
   13	1 	0	 2.8452373920	 2.1596135038	 3.5460705284
   14	1 	0	 1.8325596217	 0.7272678923	 3.8305739534
   15	1 	0	 2.4113715695	 2.0834663286	-0.1042889368
   16	1 	0	 3.7739726279	 1.3884481429	 0.7779366779
   17	1 	0	 3.1449664359	 2.9752141617	 1.2457042711
   18	1 	0	 0.2595581886	 0.4964439675	 2.4087830821
   19	1 	0	 0.4807561936	 1.7144882081	-0.4141906901
   20	1 	0	 0.0441952073	 0.0213059078	-0.1393725720
   21	1 	0	-1.0856851134	 3.4983583286	 0.0647606805
   22	1 	0	-3.3981504674	 4.1915988813	 0.5410399583
   23	1 	0	-5.0457671154	 2.5505105136	 1.3454187390
   24	1 	0	-4.3724619725	 0.2145890921	 1.6734809469
   25	1 	0	-2.0654649832	-0.4887519234	 1.1829636466
   26	6 	0	 2.3236206890	-1.1182706829	-1.7712771399
   27	6 	0	 1.1528207563	-2.0285362520	-2.1094220943
   28	7 	0	-0.0603364085	-1.7662209856	-1.3195612414
   29	6 	0	-0.3174486526	-2.8266003900	-0.3428929647
   30	6 	0	 0.7647191636	-2.9836120268	 0.7109459232
   31	6 	0	-1.2409645762	-1.5858013290	-2.1738333795
   32	6 	0	-1.2149027364	-0.3184057700	-3.0117574570
   33	1 	0	 3.1951630571	-1.3774786992	-2.3740007996
   34	1 	0	 2.6037459736	-1.2038665730	-0.7194853351
   35	1 	0	 2.0695361772	-0.0771711490	-1.9808316884
   36	1 	0	 1.4510604250	-3.0701548986	-1.9859660670
   37	1 	0	 0.9201909717	-1.9195279950	-3.1665851770
   38	1 	0	-0.4565699213	-3.7865396312	-0.8559592050
   39	1 	0	-1.2652961800	-2.6018813649	 0.1500865848
   40	1 	0	 0.9091589289	-2.0581731019	 1.2756152113
   41	1 	0	 1.7237611947	-3.2738624671	 0.2825331851
   42	1 	0	 0.4782760186	-3.7604578740	 1.4197436308
   43	1 	0	-1.3721927490	-2.4563139933	-2.8281849911
   44	1 	0	-2.1174737847	-1.5553476062	-1.5252785796
   45	1 	0	-1.1953765422	 0.5714658782	-2.3788190704
   46	1 	0	-0.3602202098	-0.2808227822	-3.6888395619
   47	1 	0	-2.1141617228	-0.2647372973	-3.6279803840
---------------------------------------------------------------------
SCF Done:  E(scf) =  -736.3193088485     A.U.

IRC-IRC-IRC-IRC-IRC-IRC-IRC-IRC-IRC-IRC-IRC-IRC-IRC-IRC-IRC-IRC-IRC-IRC
Pt 3 Step number   1 out of a maximum of  1
NET REACTION COORDINATE UP TO THIS POINT =         3.0000000000

IRC-IRC-IRC-IRC-IRC-IRC-IRC-IRC-IRC-IRC-IRC-IRC-IRC-IRC-IRC-IRC-IRC-IRC
                         Input orientation:
---------------------------------------------------------------------
Center     Atomic      Atomic             Coordinates (Angstroms)
Number     Number       Type             X           Y           Z
---------------------------------------------------------------------
    1	6 	0	 2.5750996878	 1.1726501168	 3.1475616993
    2	7 	0	 1.9824135672	 1.3514191369	 1.8160588240
    3	6 	0	 2.8725066594	 1.9965291850	 0.8501795290
    4	6 	0	 0.7762482023	 0.9723444717	 1.5704503420
    5	6 	0	 0.0252905595	 1.0452508828	 0.3093481244
    6	6 	0	-1.4083324832	 1.4415147310	 0.6027461486
    7	6 	0	-1.8196369721	 2.7492511168	 0.3878539763
    8	6 	0	-3.1268593639	 3.1310872878	 0.6504690071
    9	6 	0	-4.0332284159	 2.2073382583	 1.1411388857
   10	6 	0	-3.6342080162	 0.9014055280	 1.3572639511
   11	6 	0	-2.3283022883	 0.5209047107	 1.0861919618
   12	1 	0	 3.4613418819	 0.5455997115	 3.0643944557
   13	1 	0	 2.8595384022	 2.1502259273	 3.5307574729
   14	1 	0	 1.8524845421	 0.7135736378	 3.8137084191
   15	1 	0	 2.3959591309	 2.1093375579	-0.1128703226
   16	1 	0	 3.7651395058	 1.3836579228	 0.7381844747
   17	1 	0	 3.1572294381	 2.9691339026	 1.2442071527
   18	1 	0	 0.2759542123	 0.4847549518	 2.4022052141
   19	1 	0	 0.4754334890	 1.7123695002	-0.4200539427
   20	1 	0	 0.0552856142	 0.0176255810	-0.1277801612
   21	1 	0	-1.1151732711	 3.4713097509	-0.0009767386
   22	1 	0	-3.4290946287	 4.1517823165	 0.4750872426
   23	1 	0	-5.0469737234	 2.5086879205	 1.3439088972
   24	1 	0	-4.3431029788	 0.1812327585	 1.7357614547
   25	1 	0	-2.0360443206	-0.5078132373	 1.2452966868
   26	6 	0	 2.3305481905	-1.1252831162	-1.7393941399
   27	6 	0	 1.1520169848	-2.0202740476	-2.0950488040
   28	7 	0	-0.0664203996	-1.7504523869	-1.3181784114
   29	6 	0	-0.3428639900	-2.8037378575	-0.3414049094
   30	6 	0	 0.7333653801	-2.9766065164	 0.7164310600
   31	6 	0	-1.2391562886	-1.5514062784	-2.1773940479
   32	6 	0	-1.1900731317	-0.2864175710	-3.0172746950
   33	1 	0	 3.2055418050	-1.3935885667	-2.3345838682
   34	1 	0	 2.6013134839	-1.2192301625	-0.6856930472
   35	1 	0	 2.0936008006	-0.0791567010	-1.9475285725
   36	1 	0	 1.4368561214	-3.0655348553	-1.9770018050
   37	1 	0	 0.9309160877	-1.8993903742	-3.1525146650
   38	1 	0	-0.4989205909	-3.7619326508	-0.8513060314
   39	1 	0	-1.2877769160	-2.5615367611	 0.1479289564
   40	1 	0	 0.8886740973	-2.0548987783	 1.2853549208
   41	1 	0	 1.6912287782	-3.2784982481	 0.2929233807
   42	1 	0	 0.4332944373	-3.7517951807	 1.4218684940
   43	1 	0	-1.3831623400	-2.4200011602	-2.8307591814
   44	1 	0	-2.1165176424	-1.5043415983	-1.5312993898
   45	1 	0	-1.1649290632	 0.6060322744	-2.3879917686
   46	1 	0	-0.3310545865	-0.2601054513	-3.6896150451
   47	1 	0	-2.0854496481	-0.2230176401	-3.6386111847
---------------------------------------------------------------------
SCF Done:  E(scf) =  -736.3197924983     A.U.

IRC-IRC-IRC-IRC-IRC-IRC-IRC-IRC-IRC-IRC-IRC-IRC-IRC-IRC-IRC-IRC-IRC-IRC
Pt 4 Step number   1 out of a maximum of  1
NET REACTION COORDINATE UP TO THIS POINT =         4.0000000000

IRC-IRC-IRC-IRC-IRC-IRC-IRC-IRC-IRC-IRC-IRC-IRC-IRC-IRC-IRC-IRC-IRC-IRC
                         Input orientation:
---------------------------------------------------------------------
Center     Atomic      Atomic             Coordinates (Angstroms)
Number     Number       Type             X           Y           Z
---------------------------------------------------------------------
    1	6 	0	 2.5879962618	 1.1634363234	 3.1289160364
    2	7 	0	 1.9896835932	 1.3467358680	 1.8014846766
    3	6 	0	 2.8707198634	 1.9985655071	 0.8319460826
    4	6 	0	 0.7830566656	 0.9627790409	 1.5601768531
    5	6 	0	 0.0270100518	 1.0520694677	 0.3126970293
    6	6 	0	-1.4085669045	 1.4217429915	 0.6002194844
    7	6 	0	-1.8339371554	 2.7194906540	 0.3506191637
    8	6 	0	-3.1438408195	 3.0957951872	 0.6136909982
    9	6 	0	-4.0321377440	 2.1701486113	 1.1396662808
   10	6 	0	-3.6191164113	 0.8713805424	 1.3901929550
   11	6 	0	-2.3095311537	 0.4961696753	 1.1182577285
   12	1 	0	 3.4757759394	 0.5394372141	 3.0394210866
   13	1 	0	 2.8709242068	 2.1405820685	 3.5151970835
   14	1 	0	 1.8695186714	 0.6990760225	 3.7964045829
   15	1 	0	 2.3794468487	 2.1325798568	-0.1222616764
   16	1 	0	 3.7560471844	 1.3780764548	 0.6966908694
   17	1 	0	 3.1682741562	 2.9616596056	 1.2405690659
   18	1 	0	 0.2904523267	 0.4705202260	 2.3933933907
   19	1 	0	 0.4718512040	 1.7057862228	-0.4287753038
   20	1 	0	 0.0655949937	 0.0134540411	-0.1187677275
   21	1 	0	-1.1420746644	 3.4408747670	-0.0674118465
   22	1 	0	-3.4571033463	 4.1113547281	 0.4107811898
   23	1 	0	-5.0467884724	 2.4687755804	 1.3439786416
   24	1 	0	-4.3141286076	 0.1489093663	 1.7958632144
   25	1 	0	-2.0070491628	-0.5283937471	 1.3034658643
   26	6 	0	 2.3377125026	-1.1296544754	-1.7068033185
   27	6 	0	 1.1512532892	-2.0096097547	-2.0793809690
   28	7 	0	-0.0724435326	-1.7321795162	-1.3143659505
   29	6 	0	-0.3674905989	-2.7792608930	-0.3376734478
   30	6 	0	 0.7036063799	-2.9684424803	 0.7237238931
   31	6 	0	-1.2379728409	-1.5152966499	-2.1786058364
   32	6 	0	-1.1667361455	-0.2528561445	-3.0213169604
   33	1 	0	 3.2155526150	-1.4073651728	-2.2953532860
   34	1 	0	 2.5998557252	-1.2316071799	-0.6511749231
   35	1 	0	 2.1180372956	-0.0784754470	-1.9132728479
   36	1 	0	 1.4233123353	-3.0589552229	-1.9671896453
   37	1 	0	 0.9413679446	-1.8767870709	-3.1374580503
   38	1 	0	-0.5409580047	-3.7358486262	-0.8450492008
   39	1 	0	-1.3092324474	-2.5198360541	 0.1490707022
   40	1 	0	 0.8700312566	-2.0507010353	 1.2972312584
   41	1 	0	 1.6600692133	-3.2811134176	 0.3035921018
   42	1 	0	 0.3907127298	-3.7425167902	 1.4257188602
   43	1 	0	-1.3948888121	-2.3827826856	-2.8308839704
   44	1 	0	-2.1159540489	-1.4515130804	-1.5343805719
   45	1 	0	-1.1362493519	 0.6426119426	-2.3961867508
   46	1 	0	-0.3032932259	-0.2378499490	-3.6888386825
   47	1 	0	-2.0583698030	-0.1809665722	-3.6478181279
---------------------------------------------------------------------
SCF Done:  E(scf) =  -736.3196625166     A.U.

IRC-IRC-IRC-IRC-IRC-IRC-IRC-IRC-IRC-IRC-IRC-IRC-IRC-IRC-IRC-IRC-IRC-IRC
Pt 5 Step number   1 out of a maximum of  1
NET REACTION COORDINATE UP TO THIS POINT =         5.0000000000

IRC-IRC-IRC-IRC-IRC-IRC-IRC-IRC-IRC-IRC-IRC-IRC-IRC-IRC-IRC-IRC-IRC-IRC
                         Input orientation:
---------------------------------------------------------------------
Center     Atomic      Atomic             Coordinates (Angstroms)
Number     Number       Type             X           Y           Z
---------------------------------------------------------------------
    1	6 	0	 2.5979417868	 1.1529172159	 3.1100565188
    2	7 	0	 1.9950393962	 1.3379482681	 1.7850707967
    3	6 	0	 2.8677227713	 1.9977223242	 0.8127081806
    4	6 	0	 0.7896469092	 0.9489378741	 1.5472889507
    5	6 	0	 0.0299129027	 1.0443328774	 0.3070746961
    6	6 	0	-1.4073715302	 1.3980823613	 0.5934580194
    7	6 	0	-1.8460962109	 2.6852308686	 0.3119782257
    8	6 	0	-3.1573544175	 3.0571994911	 0.5776744784
    9	6 	0	-4.0294847398	 2.1338161011	 1.1378580546
   10	6 	0	-3.6030285923	 0.8431127060	 1.4196782862
   11	6 	0	-2.2914871076	 0.4719663185	 1.1450164967
   12	1 	0	 3.4876785944	 0.5322162236	 3.0166912108
   13	1 	0	 2.8776833580	 2.1304591403	 3.4981203861
   14	1 	0	 1.8824447920	 0.6839799184	 3.7779374993
   15	1 	0	 2.3615493615	 2.1518705528	-0.1315593406
   16	1 	0	 3.7460080672	 1.3719126007	 0.6535479657
   17	1 	0	 3.1771799241	 2.9516976665	 1.2345260061
   18	1 	0	 0.3018487138	 0.4534226268	 2.3816594303
   19	1 	0	 0.4708182425	 1.6920662470	-0.4410495112
   20	1 	0	 0.0739598122	 0.0075669299	-0.1158127463
   21	1 	0	-1.1652903012	 3.4034528128	-0.1331175080
   22	1 	0	-3.4808658447	 4.0668442820	 0.3504227885
   23	1 	0	-5.0443281799	 2.4306935545	 1.3459664367
   24	1 	0	-4.2854645642	 0.1218041575	 1.8520595316
   25	1 	0	-1.9782436115	-0.5469619084	 1.3549764466
   26	6 	0	 2.3447740218	-1.1305354884	-1.6735565599
   27	6 	0	 1.1495369238	-1.9942406926	-2.0609407212
   28	7 	0	-0.0778539545	-1.7082791029	-1.3058103261
   29	6 	0	-0.3904671343	-2.7509731625	-0.3308019440
   30	6 	0	 0.6761008221	-2.9582800636	 0.7327729773
   31	6 	0	-1.2365188120	-1.4764505088	-2.1752748101
   32	6 	0	-1.1453460177	-0.2178215696	-3.0228468970
   33	1 	0	 3.2235627699	-1.4184101238	-2.2570105248
   34	1 	0	 2.5990054717	-1.2400220884	-0.6162443121
   35	1 	0	 2.1424655836	-0.0747598193	-1.8779519516
   36	1 	0	 1.4086647007	-3.0481322042	-1.9547554950
   37	1 	0	 0.9501847253	-1.8505162741	-3.1198744596
   38	1 	0	-0.5802793957	-3.7048878966	-0.8385683085
   39	1 	0	-1.3289769404	-2.4765437928	 0.1546917603
   40	1 	0	 0.8538468756	-2.0454212106	 1.3114871413
   41	1 	0	 1.6301491484	-3.2806927529	 0.3133742718
   42	1 	0	 0.3514829416	-3.7318350832	 1.4307230838
   43	1 	0	-1.4045120068	-2.3443389934	-2.8254740353
   44	1 	0	-2.1155631257	-1.3969337552	-1.5335112644
   45	1 	0	-1.1098273369	 0.6810541412	-2.4027405894
   46	1 	0	-0.2777222595	-0.2146749069	-3.6854132245
   47	1 	0	-2.0331265332	-0.1395958620	-3.6545051104
---------------------------------------------------------------------
SCF Done:  E(scf) =  -736.3193829943     A.U.

IRC-IRC-IRC-IRC-IRC-IRC-IRC-IRC-IRC-IRC-IRC-IRC-IRC-IRC-IRC-IRC-IRC-IRC
Pt 6 Step number   1 out of a maximum of  1
NET REACTION COORDINATE UP TO THIS POINT =         6.0000000000

IRC-IRC-IRC-IRC-IRC-IRC-IRC-IRC-IRC-IRC-IRC-IRC-IRC-IRC-IRC-IRC-IRC-IRC
                         Input orientation:
---------------------------------------------------------------------
Center     Atomic      Atomic             Coordinates (Angstroms)
Number     Number       Type             X           Y           Z
---------------------------------------------------------------------
    1	6 	0	 2.6055460990	 1.1413812229	 3.0910369217
    2	7 	0	 1.9989024210	 1.3256579372	 1.7672280239
    3	6 	0	 2.8637620087	 1.9945222105	 0.7931211768
    4	6 	0	 0.7959672125	 0.9319601245	 1.5323566650
    5	6 	0	 0.0340261627	 1.0229788958	 0.2935358706
    6	6 	0	-1.4047404290	 1.3710850834	 0.5832481070
    7	6 	0	-1.8566805188	 2.6467441771	 0.2725392028
    8	6 	0	-3.1680133855	 3.0151428173	 0.5426620913
    9	6 	0	-4.0258480262	 2.0983569259	 1.1357676502
   10	6 	0	-3.5860716015	 0.8171986580	 1.4459936721
   11	6 	0	-2.2742714687	 0.4493758911	 1.1671059362
   12	1 	0	 3.4975553053	 0.5242028753	 2.9959866457
   13	1 	0	 2.8807576031	 2.1198946289	 3.4797953818
   14	1 	0	 1.8921386390	 0.6685891400	 3.7585423466
   15	1 	0	 2.3427598705	 2.1679268293	-0.1400672560
   16	1 	0	 3.7352225055	 1.3658084473	 0.6093861763
   17	1 	0	 3.1844531124	 2.9396843246	 1.2266220698
   18	1 	0	 0.3103923034	 0.4348570597	 2.3677987399
   19	1 	0	 0.4720095651	 1.6721749322	-0.4559310701
   20	1 	0	 0.0801015282	-0.0026237603	-0.1212079157
   21	1 	0	-1.1855446723	 3.3594576335	-0.1971758716
   22	1 	0	-3.5012977222	 4.0177120094	 0.2941215376
   23	1 	0	-5.0402737882	 2.3939608776	 1.3494554267
   24	1 	0	-4.2572127225	 0.1006949835	 1.9045537049
   25	1 	0	-1.9495389156	-0.5619888582	 1.4007687422
   26	6 	0	 2.3516863506	-1.1286042867	-1.6400193526
   27	6 	0	 1.1468734355	-1.9745017599	-2.0399938083
   28	7 	0	-0.0825203989	-1.6785842571	-1.2925770823
   29	6 	0	-0.4118620882	-2.7191343575	-0.3211441636
   30	6 	0	 0.6505337125	-2.9464810453	 0.7431144661
   31	6 	0	-1.2345962545	-1.4351542524	-2.1678653528
   32	6 	0	-1.1255973097	-0.1818302621	-3.0222651876
   33	1 	0	 3.2293866294	-1.4274957523	-2.2198555651
   34	1 	0	 2.5985215916	-1.2452251315	-0.5813346702
   35	1 	0	 2.1668534189	-0.0688357163	-1.8419700328
   36	1 	0	 1.3923707285	-3.0332521882	-1.9396488421
   37	1 	0	 0.9572098285	-1.8211497110	-3.0999027060
   38	1 	0	-0.6163941963	-3.6688386534	-0.8327919643
   39	1 	0	-1.3471992471	-2.4321934819	 0.1641068502
   40	1 	0	 0.8397045358	-2.0395076135	 1.3275992479
   41	1 	0	 1.6010348552	-3.2778720123	 0.3220028621
   42	1 	0	 0.3150499890	-3.7199691033	 1.4362945521
   43	1 	0	-1.4110867518	-2.3050338793	-2.8147126742
   44	1 	0	-2.1152805743	-1.3412462999	-1.5294907029
   45	1 	0	-1.0852701681	 0.7207004476	-2.4079818431
   46	1 	0	-0.2541649302	-0.1912164682	-3.6797751435
   47	1 	0	-2.0093542426	-0.0993292825	-3.6590328630
---------------------------------------------------------------------
SCF Done:  E(scf) =  -736.3191217421     A.U.

IRC-IRC-IRC-IRC-IRC-IRC-IRC-IRC-IRC-IRC-IRC-IRC-IRC-IRC-IRC-IRC-IRC-IRC
Pt 7 Step number   1 out of a maximum of  1
NET REACTION COORDINATE UP TO THIS POINT =         7.0000000000

IRC-IRC-IRC-IRC-IRC-IRC-IRC-IRC-IRC-IRC-IRC-IRC-IRC-IRC-IRC-IRC-IRC-IRC
                         Input orientation:
---------------------------------------------------------------------
Center     Atomic      Atomic             Coordinates (Angstroms)
Number     Number       Type             X           Y           Z
---------------------------------------------------------------------
    1	6 	0	 2.6122335512	 1.1294602691	 3.0720936405
    2	7 	0	 2.0024575963	 1.3115057734	 1.7488453789
    3	6 	0	 2.8596099203	 1.9902935730	 0.7739577403
    4	6 	0	 0.8020162372	 0.9136282582	 1.5163499288
    5	6 	0	 0.0389493109	 0.9939524262	 0.2762286168
    6	6 	0	-1.4013073766	 1.3422635979	 0.5712859520
    7	6 	0	-1.8667652359	 2.6055487124	 0.2331947935
    8	6 	0	-3.1774423756	 2.9706483026	 0.5086711147
    9	6 	0	-4.0223047047	 2.0636688210	 1.1335194578
   10	6 	0	-3.5689178965	 0.7936674888	 1.4703753054
   11	6 	0	-2.2578739702	 0.4289100633	 1.1865629540
   12	1 	0	 3.5066584809	 0.5158709125	 2.9767992665
   13	1 	0	 2.8824548025	 2.1090600339	 3.4612814507
   14	1 	0	 1.9005535954	 0.6532584461	 3.7389486644
   15	1 	0	 2.3239724535	 2.1825161786	-0.1471962541
   16	1 	0	 3.7243480491	 1.3606291460	 0.5651130862
   17	1 	0	 3.1913348638	 2.9268435260	 1.2178174391
   18	1 	0	 0.3170800357	 0.4170999637	 2.3533706172
   19	1 	0	 0.4745162722	 1.6489505575	-0.4716299400
   20	1 	0	 0.0841972769	-0.0204081712	-0.1366358998
   21	1 	0	-1.2045011685	 3.3113699162	-0.2589313124
   22	1 	0	-3.5204609236	 3.9649290548	 0.2408585528
   23	1 	0	-5.0361115978	 2.3578900986	 1.3536398459
   24	1 	0	-4.2295656649	 0.0846052524	 1.9545427743
   25	1 	0	-1.9209220889	-0.5729769012	 1.4435517404
   26	6 	0	 2.3585540611	-1.1253254529	-1.6067186576
   27	6 	0	 1.1437823857	-1.9520859284	-2.0177037545
   28	7 	0	-0.0865281565	-1.6444503111	-1.2759567345
   29	6 	0	-0.4322227196	-2.6852687609	-0.3096976955
   30	6 	0	 0.6260887293	-2.9340259178	 0.7540721699
   31	6 	0	-1.2323663458	-1.3923679299	-2.1582105993
   32	6 	0	-1.1067934299	-0.1456130064	-3.0207129514
   33	1 	0	 3.2335836439	-1.4359971899	-2.1839816618
   34	1 	0	 2.5982278782	-1.2488551462	-0.5469412953
   35	1 	0	 2.1913476522	-0.0621435446	-1.8059972920
   36	1 	0	 1.3745170661	-3.0157734467	-1.9227066352
   37	1 	0	 0.9629072112	-1.7901722918	-3.0785464626
   38	1 	0	-0.6497964180	-3.6291304929	-0.8284165688
   39	1 	0	-1.3645385905	-2.3877145572	 0.1756703027
   40	1 	0	 0.8266559915	-2.0337210790	 1.3446497248
   41	1 	0	 1.5721379435	-3.2741370338	 0.3296732437
   42	1 	0	 0.2800827772	-3.7076562184	 1.4418389460
   43	1 	0	-1.4146538885	-2.2655830030	-2.8004661777
   44	1 	0	-2.1151222036	-1.2853873826	-1.5240501302
   45	1 	0	-1.0617304585	 0.7606310382	-2.4127498378
   46	1 	0	-0.2319486956	-0.1681197929	-3.6731506155
   47	1 	0	-1.9863938758	-0.0602878515	-3.6625122313
---------------------------------------------------------------------
SCF Done:  E(scf) =  -736.3186915813     A.U.

IRC-IRC-IRC-IRC-IRC-IRC-IRC-IRC-IRC-IRC-IRC-IRC-IRC-IRC-IRC-IRC-IRC-IRC
Pt 8 Step number   1 out of a maximum of  1
NET REACTION COORDINATE UP TO THIS POINT =         8.0000000000

IRC-IRC-IRC-IRC-IRC-IRC-IRC-IRC-IRC-IRC-IRC-IRC-IRC-IRC-IRC-IRC-IRC-IRC
                         Input orientation:
---------------------------------------------------------------------
Center     Atomic      Atomic             Coordinates (Angstroms)
Number     Number       Type             X           Y           Z
---------------------------------------------------------------------
    1	6 	0	 2.6194352281	 1.1177891177	 3.0534645799
    2	7 	0	 2.0068961608	 1.2971412643	 1.7308158348
    3	6 	0	 2.8560431955	 1.9863714783	 0.7559915098
    4	6 	0	 0.8077930610	 0.8957300579	 1.5002419801
    5	6 	0	 0.0442782928	 0.9632397531	 0.2593265630
    6	6 	0	-1.3977114357	 1.3131382804	 0.5592752790
    7	6 	0	-1.8774297238	 2.5631729023	 0.1948400492
    8	6 	0	-3.1872743988	 2.9247488399	 0.4757169641
    9	6 	0	-4.0199359968	 2.0296485424	 1.1312384535
   10	6 	0	-3.5522444426	 0.7725435978	 1.4940673330
   11	6 	0	-2.2422834233	 0.4110757979	 1.2054360211
   12	1 	0	 3.5162467027	 0.5076957944	 2.9586185521
   13	1 	0	 2.8850941068	 2.0981279622	 3.4436445133
   14	1 	0	 1.9096519504	 0.6383430166	 3.7198900780
   15	1 	0	 2.3060845015	 2.1974147732	-0.1523580503
   16	1 	0	 3.7140460262	 1.3572416920	 0.5216385708
   17	1 	0	 3.1990723934	 2.9144057267	 1.2090757353
   18	1 	0	 0.3229150329	 0.4024350632	 2.3399406728
   19	1 	0	 0.4774246391	 1.6252468806	-0.4863491009
   20	1 	0	 0.0864279594	-0.0490822476	-0.1637743208
   21	1 	0	-1.2238309399	 3.2616874301	-0.3177303728
   22	1 	0	-3.5404268673	 3.9094790430	 0.1896056238
   23	1 	0	-5.0333345647	 2.3217920598	 1.3577107148
   24	1 	0	-4.2027167232	 0.0725438723	 2.0032319925
   25	1 	0	-1.8923807717	-0.5794368643	 1.4860490476
   26	6 	0	 2.3654829729	-1.1221700691	-1.5741827704
   27	6 	0	 1.1407875839	-1.9286973933	-1.9952415039
   28	7 	0	-0.0899643081	-1.6072451774	-1.2572499220
   29	6 	0	-0.4521002446	-2.6509111072	-0.2974654498
   30	6 	0	 0.6019454073	-2.9219002871	 0.7649681445
   31	6 	0	-1.2299932310	-1.3490571580	-2.1481549966
   32	6 	0	-1.0882345537	-0.1099023587	-3.0193374273
   33	1 	0	 3.2367194215	-1.4452945499	-2.1494803614
   34	1 	0	 2.5979486610	-1.2525583131	-0.5135599966
   35	1 	0	 2.2160966144	-0.0561287893	-1.7707061289
   36	1 	0	 1.3551955601	-2.9971647634	-1.9047731576
   37	1 	0	 0.9677459588	-1.7590764738	-3.0568165500
   38	1 	0	-0.6809882096	-3.5872065767	-0.8261366038
   39	1 	0	-1.3816379154	-2.3440397265	 0.1877285113
   40	1 	0	 0.8137486018	-2.0288250254	 1.3617174584
   41	1 	0	 1.5428687446	-3.2709806807	 0.3365846088
   42	1 	0	 0.2452437981	-3.6956380799	 1.4467618825
   43	1 	0	-1.4152624075	-2.2267049317	-2.7846147454
   44	1 	0	-2.1151044847	-1.2302961012	-1.5189284916
   45	1 	0	-1.0383570644	 0.7999239286	-2.4178881204
   46	1 	0	-0.2103969161	-0.1460301155	-3.6667723429
   47	1 	0	-1.9635839521	-0.0225900847	-3.6660602604
---------------------------------------------------------------------
SCF Done:  E(scf) =  -736.3182321211     A.U.

IRC-IRC-IRC-IRC-IRC-IRC-IRC-IRC-IRC-IRC-IRC-IRC-IRC-IRC-IRC-IRC-IRC-IRC
Pt 9 Step number   1 out of a maximum of  1
NET REACTION COORDINATE UP TO THIS POINT =         9.0000000000

IRC-IRC-IRC-IRC-IRC-IRC-IRC-IRC-IRC-IRC-IRC-IRC-IRC-IRC-IRC-IRC-IRC-IRC
                         Input orientation:
---------------------------------------------------------------------
Center     Atomic      Atomic             Coordinates (Angstroms)
Number     Number       Type             X           Y           Z
---------------------------------------------------------------------
    1	6 	0	 2.6285822140	 1.1070025322	 3.0353876446
    2	7 	0	 2.0134093528	 1.2842138972	 1.7140323644
    3	6 	0	 2.8538385239	 1.9840909932	 0.7399961238
    4	6 	0	 0.8132967616	 0.8800533063	 1.4850060568
    5	6 	0	 0.0496090541	 0.9368271610	 0.2470033378
    6	6 	0	-1.3945916687	 1.2852295069	 0.5489198122
    7	6 	0	-1.8897533439	 2.5211451751	 0.1583700209
    8	6 	0	-3.1991424659	 2.8784773223	 0.4438150549
    9	6 	0	-4.0198231237	 1.9961928463	 1.1290496139
   10	6 	0	-3.5367282047	 0.7538513849	 1.5183139018
   11	6 	0	-2.2274886391	 0.3963800577	 1.2257736085
   12	1 	0	 3.5275785524	 0.5001529801	 2.9409339815
   13	1 	0	 2.8909946665	 2.0872710208	 3.4279504900
   14	1 	0	 1.9213959932	 0.6241980315	 3.7021002124
   15	1 	0	 2.2899934054	 2.2143987855	-0.1549643596
   16	1 	0	 3.7049777652	 1.3565130805	 0.4798725055
   17	1 	0	 3.2089129163	 2.9036013828	 1.2013605792
   18	1 	0	 0.3289004172	 0.3931460824	 2.3290745173
   19	1 	0	 0.4798209410	 1.6039176593	-0.4982915325
   20	1 	0	 0.0869744771	-0.0919419341	-0.2043008010
   21	1 	0	-1.2452051370	 3.2129079444	-0.3729195950
   22	1 	0	-3.5632669719	 3.8523455988	 0.1393345405
   23	1 	0	-5.0334356453	 2.2849776036	 1.3608590535
   24	1 	0	-4.1768592293	 0.0635197518	 2.0518266121
   25	1 	0	-1.8639026039	-0.5808795742	 1.5309842704
   26	6 	0	 2.3725789059	-1.1206092174	-1.5429399867
   27	6 	0	 1.1384128396	-1.9060403502	-1.9737780004
   28	7 	0	-0.0929159341	-1.5683367686	-1.2377572840
   29	6 	0	-0.4720458788	-2.6175961307	-0.2854503362
   30	6 	0	 0.5772832813	-2.9110897591	 0.7751244456
   31	6 	0	-1.2276410556	-1.3061875535	-2.1395429914
   32	6 	0	-1.0692208568	-0.0754308753	-3.0192858538
   33	1 	0	 3.2393595704	-1.4567679460	-2.1164432105
   34	1 	0	 2.5975082697	-1.2579808131	-0.4816865830
   35	1 	0	 2.2412486364	-0.0522369357	-1.7367689428
   36	1 	0	 1.3344980575	-2.9788949215	-1.8866926926
   37	1 	0	 0.9721951566	-1.7293547144	-3.0357237888
   38	1 	0	-0.7104717197	-3.5445100663	-0.8266465506
   39	1 	0	-1.3991401667	-2.3021016978	 0.1986278694
   40	1 	0	 0.8000297258	-2.0255828705	 1.3778813346
   41	1 	0	 1.5126375901	-3.2698958165	 0.3429361498
   42	1 	0	 0.2091955436	-3.6846563394	 1.4504689790
   43	1 	0	-1.4129612991	-2.1891182331	-2.7690385769
   44	1 	0	-2.1152438884	-1.1769115536	-1.5158647327
   45	1 	0	-1.0142988422	 0.8376571347	-2.4242402382
   46	1 	0	-0.1888329520	-0.1255926708	-3.6618730283
   47	1 	0	-1.9402629908	 0.0136455020	-3.6707939952
---------------------------------------------------------------------
SCF Done:  E(scf) =  -736.3177127485     A.U.

IRC-IRC-IRC-IRC-IRC-IRC-IRC-IRC-IRC-IRC-IRC-IRC-IRC-IRC-IRC-IRC-IRC-IRC
Pt 10 Step number   1 out of a maximum of  1
NET REACTION COORDINATE UP TO THIS POINT =        10.0000000000

IRC-IRC-IRC-IRC-IRC-IRC-IRC-IRC-IRC-IRC-IRC-IRC-IRC-IRC-IRC-IRC-IRC-IRC
                         Input orientation:
---------------------------------------------------------------------
Center     Atomic      Atomic             Coordinates (Angstroms)
Number     Number       Type             X           Y           Z
---------------------------------------------------------------------
    1	6 	0	 2.6410694396	 1.0977245213	 3.0181032525
    2	7 	0	 2.0231450124	 1.2743457185	 1.6993767195
    3	6 	0	 2.8537533350	 1.9847583432	 0.7267310938
    4	6 	0	 0.8185338218	 0.8683603882	 1.4716165820
    5	6 	0	 0.0545401167	 0.9205690896	 0.2433238995
    6	6 	0	-1.3925717916	 1.2600462043	 0.5418950963
    7	6 	0	-1.9047845616	 2.4809762693	 0.1246731606
    8	6 	0	-3.2146357197	 2.8328525462	 0.4129901382
    9	6 	0	-4.0230187574	 1.9632056354	 1.1270774997
   10	6 	0	-3.5230327596	 0.7376183105	 1.5443238668
   11	6 	0	-2.2134815884	 0.3853293448	 1.2495734139
   12	1 	0	 3.5418792550	 0.4937089968	 2.9232452905
   13	1 	0	 2.9024160757	 2.0766643433	 3.4152402370
   14	1 	0	 1.9376964317	 0.6111742621	 3.6862981678
   15	1 	0	 2.2765825160	 2.2351976967	-0.1544434201
   16	1 	0	 3.6977882144	 1.3592855553	 0.4407157693
   17	1 	0	 3.2220703550	 2.8956351464	 1.1956144730
   18	1 	0	 0.3360128363	 0.3914446644	 2.3223020692
   19	1 	0	 0.4808135280	 1.5877677855	-0.5056984689
   20	1 	0	 0.0860149179	-0.1520751800	-0.2597399063
   21	1 	0	-1.2702439136	 3.1674818301	-0.4238518104
   22	1 	0	-3.5909939584	 3.7945000408	 0.0890536597
   23	1 	0	-5.0378677168	 2.2467779582	 1.3622942222
   24	1 	0	-4.1521890756	 0.0565671658	 2.1014929158
   25	1 	0	-1.8354835360	-0.5768215295	 1.5810019347
   26	6 	0	 2.3799399172	-1.1220845375	-1.5135166026
   27	6 	0	 1.1371678713	-1.8857964037	-1.9544677832
   28	7 	0	-0.0954753594	-1.5291244480	-1.2187906933
   29	6 	0	-0.4925915810	-2.5868394997	-0.2746475892
   30	6 	0	 0.5513066773	-2.9025609720	 0.7838721895
   31	6 	0	-1.2254667927	-1.2647264967	-2.1341843170
   32	6 	0	-1.0490733175	-0.0429270682	-3.0216788797
   33	1 	0	 3.2420571244	-1.4717619942	-2.0849676993
   34	1 	0	 2.5967311018	-1.2667302933	-0.4518152036
   35	1 	0	 2.2669359453	-0.0518835001	-1.7048521957
   36	1 	0	 1.3125308573	-2.9624146483	-1.8693073348
   37	1 	0	 0.9767172680	-1.7024813914	-3.0162684590
   38	1 	0	-0.7387339503	-3.5024814971	-0.8306191115
   39	1 	0	-1.4176654862	-2.2628247457	 0.2067413936
   40	1 	0	 0.7845723017	-2.0247400367	 1.3922345565
   41	1 	0	 1.4808781001	-3.2723384406	 0.3489199203
   42	1 	0	 0.1706415328	-3.6754372123	 1.4523776794
   43	1 	0	-1.4078135523	-2.1535382911	-2.7555939957
   44	1 	0	-2.1155504224	-1.1261709529	-1.5165583875
   45	1 	0	-0.9887297616	 0.8729165031	-2.4326262613
   46	1 	0	-0.1665998884	-0.1074425073	-3.6596577365
   47	1 	0	-1.9157910622	 0.0482933263	-3.6778033459
---------------------------------------------------------------------
SCF Done:  E(scf) =  -736.3159248439     A.U.

IRC-IRC-IRC-IRC-IRC-IRC-IRC-IRC-IRC-IRC-IRC-IRC-IRC-IRC-IRC-IRC-IRC-IRC
Pt 11 Step number   1 out of a maximum of  1
NET REACTION COORDINATE UP TO THIS POINT =        11.0000000000

IRC-IRC-IRC-IRC-IRC-IRC-IRC-IRC-IRC-IRC-IRC-IRC-IRC-IRC-IRC-IRC-IRC-IRC
                         Input orientation:
---------------------------------------------------------------------
Center     Atomic      Atomic             Coordinates (Angstroms)
Number     Number       Type             X           Y           Z
---------------------------------------------------------------------
    1	6 	0	 2.6574602933	 1.0903317393	 3.0019096223
    2	7 	0	 2.0362528111	 1.2685276261	 1.6874725668
    3	6 	0	 2.8561020824	 1.9890164048	 0.7166310081
    4	6 	0	 0.8236810339	 0.8618295413	 1.4610752445
    5	6 	0	 0.0587292557	 0.9172875459	 0.2498537939
    6	6 	0	-1.3919225415	 1.2388339823	 0.5392285380
    7	6 	0	-1.9228612276	 2.4437700677	 0.0944861368
    8	6 	0	-3.2343343312	 2.7885690850	 0.3834816856
    9	6 	0	-4.0299189314	 1.9307551867	 1.1254371146
   10	6 	0	-3.5115137442	 0.7239422325	 1.5724943691
   11	6 	0	-2.2003269153	 0.3784195589	 1.2776653491
   12	1 	0	 3.5596068314	 0.4886249334	 2.9052881264
   13	1 	0	 2.9202481263	 2.0665411738	 3.4059781384
   14	1 	0	 1.9592776090	 0.5995210800	 3.6728689615
   15	1 	0	 2.2664122579	 2.2604670872	-0.1506034993
   16	1 	0	 3.6927455854	 1.3658320839	 0.4048623208
   17	1 	0	 3.2389929031	 2.8911181791	 1.1922941790
   18	1 	0	 0.3446200261	 0.3978845843	 2.3203323265
   19	1 	0	 0.4800184746	 1.5784782364	-0.5076909894
   20	1 	0	 0.0836626701	-0.2277860432	-0.3280959008
   21	1 	0	-1.2993945072	 3.1267692979	-0.4700244989
   22	1 	0	-3.6242705036	 3.7366306471	 0.0386123718
   23	1 	0	-5.0471618433	 2.2069932195	 1.3616473948
   24	1 	0	-4.1289610474	 0.0513038221	 2.1525008734
   25	1 	0	-1.8073106584	-0.5669096811	 1.6369277159
   26	6 	0	 2.3874855213	-1.1273604994	-1.4863929240
   27	6 	0	 1.1372383063	-1.8691275733	-1.9380880837
   28	7 	0	-0.0978555220	-1.4917309492	-1.2019203931
   29	6 	0	-0.5138263894	-2.5597183631	-0.2658759056
   30	6 	0	 0.5237901178	-2.8968443121	 0.7907508939
   31	6 	0	-1.2234624604	-1.2256819336	-2.1330902891
   32	6 	0	-1.0275913809	-0.0130264377	-3.0270255794
   33	1 	0	 3.2450759058	-1.4908048709	-2.0552880254
   34	1 	0	 2.5954431098	-1.2795281331	-0.4244018248
   35	1 	0	 2.2929203778	-0.0557947130	-1.6754857828
   36	1 	0	 1.2897326603	-2.9487593740	-1.8534088474
   37	1 	0	 0.9816224472	-1.6795150572	-2.9992084073
   38	1 	0	-0.7659135319	-3.4625010029	-0.8382260600
   39	1 	0	-1.4373095504	-2.2269391864	 0.2110544272
   40	1 	0	 0.7670375924	-2.0266280387	 1.4041996135
   41	1 	0	 1.4475595310	-3.2789166850	 0.3545637825
   42	1 	0	 0.1292289113	-3.6683518880	 1.4521774490
   43	1 	0	-1.4002041235	-2.1206072719	-2.7455881768
   44	1 	0	-2.1158854401	-1.0789681663	-1.5218025275
   45	1 	0	-0.9614014010	 0.9049679921	-2.4433262938
   46	1 	0	-0.1434944818	-0.0919804009	-3.6606958697
   47	1 	0	-1.8900239088	 0.0810652738	-3.6875541243
---------------------------------------------------------------------
SCF Done:  E(scf) =  -736.3122297823     A.U.

IRC-IRC-IRC-IRC-IRC-IRC-IRC-IRC-IRC-IRC-IRC-IRC-IRC-IRC-IRC-IRC-IRC-IRC
Pt 12 Step number   1 out of a maximum of  1
NET REACTION COORDINATE UP TO THIS POINT =        12.0000000000

IRC-IRC-IRC-IRC-IRC-IRC-IRC-IRC-IRC-IRC-IRC-IRC-IRC-IRC-IRC-IRC-IRC-IRC
                         Input orientation:
---------------------------------------------------------------------
Center     Atomic      Atomic             Coordinates (Angstroms)
Number     Number       Type             X           Y           Z
---------------------------------------------------------------------
    1	6 	0	 2.6774866216	 1.0849534857	 2.9871627739
    2	7 	0	 2.0518842525	 1.2671193695	 1.6786854880
    3	6 	0	 2.8607562439	 1.9968447059	 0.7098055320
    4	6 	0	 0.8290854998	 0.8610548558	 1.4544109976
    5	6 	0	 0.0618934999	 0.9267721046	 0.2656591539
    6	6 	0	-1.3925616776	 1.2225751328	 0.5412994066
    7	6 	0	-1.9436105777	 2.4102235972	 0.0683938345
    8	6 	0	-3.2578094998	 2.7459972894	 0.3557438891
    9	6 	0	-4.0402630410	 1.8990741512	 1.1242339047
   10	6 	0	-3.5022188566	 0.7129914066	 1.6024108361
   11	6 	0	-2.1881619371	 0.3761359982	 1.3097115404
   12	1 	0	 3.5804520982	 0.4849564408	 2.8870340474
   13	1 	0	 2.9440108081	 2.0571928670	 3.4000521059
   14	1 	0	 1.9856775027	 0.5893864572	 3.6618635286
   15	1 	0	 2.2597201299	 2.2897886366	-0.1436328938
   16	1 	0	 3.6897413524	 1.3758563576	 0.3727991988
   17	1 	0	 3.2593630251	 2.8900681522	 1.1913707201
   18	1 	0	 0.3544808103	 0.4113617487	 2.3230533668
   19	1 	0	 0.4775595797	 1.5766060746	-0.5042700190
   20	1 	0	 0.0799664216	-0.3125946900	-0.4038527474
   21	1 	0	-1.3319312387	 3.0910403981	-0.5110797890
   22	1 	0	-3.6624092405	 3.6791426551	-0.0112988983
   23	1 	0	-5.0609272753	 2.1658923517	 1.3589715591
   24	1 	0	-4.1074888227	 0.0479308614	 2.2042241422
   25	1 	0	-1.7797622014	-0.5509214313	 1.6977684383
   26	6 	0	 2.3949566906	-1.1365244032	-1.4620032674
   27	6 	0	 1.1384856804	-1.8566762930	-1.9250388254
   28	7 	0	-0.1003899740	-1.4590023762	-1.1889749974
   29	6 	0	-0.5353964226	-2.5368713509	-0.2597774449
   30	6 	0	 0.4950783213	-2.8940339136	 0.7955084770
   31	6 	0	-1.2214551209	-1.1901023758	-2.1364738064
   32	6 	0	-1.0050529586	 0.0137285284	-3.0352234535
   33	1 	0	 3.2483905259	-1.5136083128	-2.0277750934
   34	1 	0	 2.5934718018	-1.2962094437	-0.3998642306
   35	1 	0	 2.3185933803	-0.0640075196	-1.6490630331
   36	1 	0	 1.2668745693	-2.9385492326	-1.8397386618
   37	1 	0	 0.9870685392	-1.6610984389	-2.9850590474
   38	1 	0	-0.7918007230	-3.4258883158	-0.8491382410
   39	1 	0	-1.4576435699	-2.1949813769	 0.2111646407
   40	1 	0	 0.7476751847	-2.0311644848	 1.4135282815
   41	1 	0	 1.4131867758	-3.2893908140	 0.3597314072
   42	1 	0	 0.0855484513	-3.6634165298	 1.4498297735
   43	1 	0	-1.3908399361	-2.0908941235	-2.7397791468
   44	1 	0	-2.1159616404	-1.0361537153	-1.5314837623
   45	1 	0	-0.9326429469	 0.9332576714	-2.4560804737
   46	1 	0	-0.1197671603	-0.0793728541	-3.6649211674
   47	1 	0	-1.8633129453	 0.1115106982	-3.6998880439
---------------------------------------------------------------------
SCF Done:  E(scf) =  -736.3101367356     A.U.

IRC-IRC-IRC-IRC-IRC-IRC-IRC-IRC-IRC-IRC-IRC-IRC-IRC-IRC-IRC-IRC-IRC-IRC
Pt 13 Step number   1 out of a maximum of  1
NET REACTION COORDINATE UP TO THIS POINT =        13.0000000000

IRC-IRC-IRC-IRC-IRC-IRC-IRC-IRC-IRC-IRC-IRC-IRC-IRC-IRC-IRC-IRC-IRC-IRC
                         Input orientation:
---------------------------------------------------------------------
Center     Atomic      Atomic             Coordinates (Angstroms)
Number     Number       Type             X           Y           Z
---------------------------------------------------------------------
    1	6 	0	 2.7008441171	 1.0817083056	 2.9742212402
    2	7 	0	 2.0691474415	 1.2704532572	 1.6733698437
    3	6 	0	 2.8675680371	 2.0081939328	 0.7063502035
    4	6 	0	 0.8351017265	 0.8666050239	 1.4526539806
    5	6 	0	 0.0637524543	 0.9486804955	 0.2896974425
    6	6 	0	-1.3943916119	 1.2122404991	 0.5484587914
    7	6 	0	-1.9666289516	 2.3810161954	 0.0469745395
    8	6 	0	-3.2845885567	 2.7054934136	 0.3302402765
    9	6 	0	-4.0537619318	 1.8684023265	 1.1235729010
   10	6 	0	-3.4951824061	 0.7049371492	 1.6336234030
   11	6 	0	-2.1771271308	 0.3789634996	 1.3453233404
   12	1 	0	 3.6040725152	 0.4827502378	 2.8684648687
   13	1 	0	 2.9731645543	 2.0489133043	 3.3973249870
   14	1 	0	 2.0163825094	 0.5809139571	 3.6533182786
   15	1 	0	 2.2567295903	 2.3226973333	-0.1337364233
   16	1 	0	 3.6886506099	 1.3890373163	 0.3450044453
   17	1 	0	 3.2828298929	 2.8924769330	 1.1927940001
   18	1 	0	 0.3653275384	 0.4306999830	 2.3303175757
   19	1 	0	 0.4735827172	 1.5826594967	-0.4954747364
   20	1 	0	 0.0749720476	-0.3998132915	-0.4813413522
   21	1 	0	-1.3670774328	 3.0605177826	-0.5466660980
   22	1 	0	-3.7046641045	 3.6224289962	-0.0599531594
   23	1 	0	-5.0787331846	 2.1237647045	 1.3543380427
   24	1 	0	-4.0880886403	 0.0466747909	 2.2559974094
   25	1 	0	-1.7532247056	-0.5286398549	 1.7624518461
   26	6 	0	 2.4020866343	-1.1496341067	-1.4407799492
   27	6 	0	 1.1407574387	-1.8490624062	-1.9157035270
   28	7 	0	-0.1034175112	-1.4338162837	-1.1817943536
   29	6 	0	-0.5569285415	-2.5189180266	-0.2569866910
   30	6 	0	 0.4655407979	-2.8942049428	 0.7979019179
   31	6 	0	-1.2192646645	-1.1590380988	-2.1445130538
   32	6 	0	-0.9817567654	 0.0367993861	-3.0461434126
   33	1 	0	 3.2519630215	-1.5398485592	-2.0028057520
   34	1 	0	 2.5906447537	-1.3165708029	-0.3786185449
   35	1 	0	 2.3433302952	-0.0765288962	-1.6259713378
   36	1 	0	 1.2447421393	-2.9323863015	-1.8290360208
   37	1 	0	 0.9932067671	-1.6478561839	-2.9743252519
   38	1 	0	-0.8161706359	-3.3939605418	-0.8630047202
   39	1 	0	-1.4782159526	-2.1674792413	 0.2066963274
   40	1 	0	 0.7267602450	-2.0382489867	 1.4199866532
   41	1 	0	 1.3782880159	-3.3034842281	 0.3642793265
   42	1 	0	 0.0402319522	-3.6606318648	 1.4453079658
   43	1 	0	-1.3804419122	-2.0649646107	-2.7389010559
   44	1 	0	-2.1154852591	-0.9985762363	-1.5454492898
   45	1 	0	-0.9028086994	 0.9572394415	-2.4706054619
   46	1 	0	-0.0956880765	-0.0697761839	-3.6722397313
   47	1 	0	-1.8360311373	 0.1391718865	-3.7146196836
---------------------------------------------------------------------
SCF Done:  E(scf) =  -736.3133331938     A.U.

IRC-IRC-IRC-IRC-IRC-IRC-IRC-IRC-IRC-IRC-IRC-IRC-IRC-IRC-IRC-IRC-IRC-IRC
Pt 14 Step number   1 out of a maximum of  1
NET REACTION COORDINATE UP TO THIS POINT =        14.0000000000

IRC-IRC-IRC-IRC-IRC-IRC-IRC-IRC-IRC-IRC-IRC-IRC-IRC-IRC-IRC-IRC-IRC-IRC
                         Input orientation:
---------------------------------------------------------------------
Center     Atomic      Atomic             Coordinates (Angstroms)
Number     Number       Type             X           Y           Z
---------------------------------------------------------------------
    1	6 	0	 2.7272284723	 1.0807147441	 2.9634435541
    2	7 	0	 2.0871504829	 1.2788615976	 1.6718799944
    3	6 	0	 2.8763896799	 2.0230147723	 0.7063605607
    4	6 	0	 0.8420842207	 0.8790487383	 1.4568343326
    5	6 	0	 0.0640257237	 0.9826704482	 0.3209261228
    6	6 	0	-1.3973147567	 1.2088009246	 0.5610577819
    7	6 	0	-1.9915126892	 2.3568271997	 0.0308065377
    8	6 	0	-3.3141988330	 2.6674137114	 0.3074343755
    9	6 	0	-4.0701264497	 1.8389795105	 1.1235591341
   10	6 	0	-3.4904387018	 0.6999507766	 1.6656822052
   11	6 	0	-2.1673629734	 0.3873869003	 1.3841121020
   12	1 	0	 3.6301255425	 0.4820530433	 2.8495624057
   13	1 	0	 3.0071697980	 2.0419963671	 3.3976596293
   14	1 	0	 2.0508790259	 0.5742471431	 3.6472696213
   15	1 	0	 2.2576640976	 2.3587281656	-0.1211189075
   16	1 	0	 3.6893484525	 1.4050539000	 0.3219561024
   17	1 	0	 3.3090426786	 2.8983363888	 1.1965139228
   18	1 	0	 0.3768925597	 0.4547231129	 2.3419773384
   19	1 	0	 0.4682337607	 1.5971466995	-0.4813443206
   20	1 	0	 0.0687254231	-0.4827540188	-0.5548926215
   21	1 	0	-1.4040564141	 3.0354241034	-0.5764318435
   22	1 	0	-3.7502890310	 3.5668826017	-0.1066234201
   23	1 	0	-5.1001487427	 2.0808996277	 1.3478181733
   24	1 	0	-4.0710767388	 0.0477621179	 2.3071553620
   25	1 	0	-1.7280847117	-0.4998480262	 1.8299056831
   26	6 	0	 2.4086085620	-1.1667474676	-1.4231552862
   27	6 	0	 1.1439010261	-1.8469057564	-1.9104657073
   28	7 	0	-0.1072769296	-1.4190502264	-1.1822183091
   29	6 	0	-0.5780496072	-2.5064779541	-0.2581381278
   30	6 	0	 0.4355470574	-2.8974325665	 0.7976881960
   31	6 	0	-1.2167109817	-1.1335393780	-2.1573862161
   32	6 	0	-0.9580015158	 0.0556476913	-3.0596563670
   33	1 	0	 3.2557554295	-1.5692018493	-1.9807568495
   34	1 	0	 2.5867895411	-1.3404087884	-0.3610808917
   35	1 	0	 2.3665064650	-0.0933658188	-1.6065980883
   36	1 	0	 1.2241209252	-2.9308726582	-1.8220401676
   37	1 	0	 1.0001883538	-1.6404129398	-2.9675118940
   38	1 	0	-0.8387983824	-3.3680347867	-0.8794745631
   39	1 	0	-1.4985751062	-2.1449607036	 0.1972737805
   40	1 	0	 0.7045679395	-2.0477811567	 1.4233408214
   41	1 	0	 1.3433914328	-3.3209203276	 0.3680640723
   42	1 	0	-0.0060887867	-3.6599986202	 1.4385853389
   43	1 	0	-1.3697309740	-2.0433844982	-2.7436880547
   44	1 	0	-2.1141625320	-0.9670843662	-1.5635463080
   45	1 	0	-0.8722529588	 0.9763672031	-2.4866179196
   46	1 	0	-0.0715273834	-0.0633467070	-3.6825576635
   47	1 	0	-1.8085514507	 0.1635911258	-3.7315636219
---------------------------------------------------------------------
SCF Done:  E(scf) =  -736.3204767638     A.U.

IRC-IRC-IRC-IRC-IRC-IRC-IRC-IRC-IRC-IRC-IRC-IRC-IRC-IRC-IRC-IRC-IRC-IRC
Pt 15 Step number   1 out of a maximum of  1
NET REACTION COORDINATE UP TO THIS POINT =        15.0000000000

IRC-IRC-IRC-IRC-IRC-IRC-IRC-IRC-IRC-IRC-IRC-IRC-IRC-IRC-IRC-IRC-IRC-IRC
                         Input orientation:
---------------------------------------------------------------------
Center     Atomic      Atomic             Coordinates (Angstroms)
Number     Number       Type             X           Y           Z
---------------------------------------------------------------------
    1	6 	0	 2.7563353020	 1.0820889318	 2.9551878715
    2	7 	0	 2.1050057157	 1.2926733677	 1.6745664211
    3	6 	0	 2.8870747711	 2.0412567616	 0.7099266737
    4	6 	0	 0.8503801176	 0.8989475694	 1.4679721619
    5	6 	0	 0.0624367070	 1.0283726760	 0.3582895722
    6	6 	0	-1.4012330476	 1.2132218617	 0.5794437204
    7	6 	0	-2.0178564406	 2.3383312920	 0.0204623814
    8	6 	0	-3.3461664639	 2.6321115027	 0.2877858898
    9	6 	0	-4.0890659417	 1.8110437836	 1.1242968391
   10	6 	0	-3.4880206544	 0.6982005814	 1.6981379992
   11	6 	0	-2.1590085044	 0.4018863525	 1.4256883620
   12	1 	0	 3.6582677743	 0.4829099454	 2.8303082608
   13	1 	0	 3.0454848321	 2.0367344346	 3.4009173861
   14	1 	0	 2.0886510822	 0.5695268659	 3.6437519521
   15	1 	0	 2.2627432116	 2.3974142132	-0.1059879520
   16	1 	0	 3.6917089872	 1.4235825983	 0.3041265262
   17	1 	0	 3.3376503325	 2.9076362009	 1.2024779241
   18	1 	0	 0.3889065804	 0.4822517214	 2.3578811248
   19	1 	0	 0.4616590490	 1.6205713077	-0.4619188091
   20	1 	0	 0.0612653443	-0.5547380735	-0.6188487294
   21	1 	0	-1.4420911922	 3.0159760301	-0.6000326031
   22	1 	0	-3.7985368914	 3.5128928359	-0.1505869375
   23	1 	0	-5.1247414003	 2.0375861024	 1.3394852457
   24	1 	0	-4.0567675073	 0.0514167142	 2.3570340978
   25	1 	0	-1.7047270421	-0.4643345036	 1.8990569240
   26	6 	0	 2.4142565191	-1.1879201229	-1.4095576524
   27	6 	0	 1.1477611237	-1.8508218832	-1.9097044934
   28	7 	0	-0.1123010623	-1.4175551427	-1.1920682396
   29	6 	0	-0.5983868160	-2.5001630970	-0.2638643653
   30	6 	0	 0.4054650850	-2.9037896456	 0.7946273300
   31	6 	0	-1.2136118096	-1.1146502922	-2.1752648241
   32	6 	0	-0.9340857776	 0.0697397578	-3.0756315745
   33	1 	0	 3.2597309766	-1.6013425413	-1.9620007968
   34	1 	0	 2.5817343680	-1.3675180183	-0.3476621873
   35	1 	0	 2.3874992690	-0.1145220185	-1.5913264087
   36	1 	0	 1.2057966681	-2.9346085680	-1.8194879053
   37	1 	0	 1.0081657510	-1.6393882446	-2.9651207604
   38	1 	0	-0.8594635222	-3.3494242446	-0.8981933534
   39	1 	0	-1.5182698251	-2.1279481665	 0.1825258026
   40	1 	0	 0.6813733356	-2.0596586597	 1.4233605440
   41	1 	0	 1.3090240957	-3.3414203398	 0.3709440240
   42	1 	0	-0.0527830415	-3.6615159662	 1.4296386263
   43	1 	0	-1.3594306167	-2.0267141210	-2.7548708826
   44	1 	0	-2.1116998946	-0.9425188585	-1.5856187562
   45	1 	0	-0.8413295611	 0.9901004384	-2.5038338163
   46	1 	0	-0.0475537790	-0.0602369079	-3.6957789250
   47	1 	0	-1.7812462070	 0.1843155690	-3.7505336884
---------------------------------------------------------------------
SCF Done:  E(scf) =  -736.3249836908     A.U.

IRC-IRC-IRC-IRC-IRC-IRC-IRC-IRC-IRC-IRC-IRC-IRC-IRC-IRC-IRC-IRC-IRC-IRC
Pt 16 Step number   1 out of a maximum of  1
NET REACTION COORDINATE UP TO THIS POINT =        16.0000000000

IRC-IRC-IRC-IRC-IRC-IRC-IRC-IRC-IRC-IRC-IRC-IRC-IRC-IRC-IRC-IRC-IRC-IRC
                         Input orientation:
---------------------------------------------------------------------
Center     Atomic      Atomic             Coordinates (Angstroms)
Number     Number       Type             X           Y           Z
---------------------------------------------------------------------
    1	6 	0	 2.7878508012	 1.0856548477	 2.9497667343
    2	7 	0	 2.1223378018	 1.3118144668	 1.6813101510
    3	6 	0	 2.8996440054	 2.0627304013	 0.7164769820
    4	6 	0	 0.8594445648	 0.9260013343	 1.4858738835
    5	6 	0	 0.0591678567	 1.0821488776	 0.3991488316
    6	6 	0	-1.4059907736	 1.2258164501	 0.6035105647
    7	6 	0	-2.0450504471	 2.3256398111	 0.0158208930
    8	6 	0	-3.3798728601	 2.5995850533	 0.2712918191
    9	6 	0	-4.1101084036	 1.7846254478	 1.1257939620
   10	6 	0	-3.4877919432	 0.6994889615	 1.7306167075
   11	6 	0	-2.1520288151	 0.4223751769	 1.4695639057
   12	1 	0	 3.6880510715	 0.4851687294	 2.8106583022
   13	1 	0	 3.0873089445	 2.0332381653	 3.4067788101
   14	1 	0	 2.1288963785	 0.5665657612	 3.6425559425
   15	1 	0	 2.2717147413	 2.4380576359	-0.0888882806
   16	1 	0	 3.6954868381	 1.4440033989	 0.2913000748
   17	1 	0	 3.3682749979	 2.9201015561	 1.2103348290
   18	1 	0	 0.4009014638	 0.5117140682	 2.3774036244
   19	1 	0	 0.4540611723	 1.6528837284	-0.4373421409
   20	1 	0	 0.0517740630	-0.6101793697	-0.6689152933
   21	1 	0	-1.4803666347	 3.0016663332	-0.6179903557
   22	1 	0	-3.8485318402	 3.4604174584	-0.1916350273
   23	1 	0	-5.1518703294	 1.9940685210	 1.3296506012
   24	1 	0	-4.0452515331	 0.0575435583	 2.4051403904
   25	1 	0	-1.6833286031	-0.4225513980	 1.9687394263
   26	6 	0	 2.4188656904	-1.2129389757	-1.3999383673
   27	6 	0	 1.1518479767	-1.8609055491	-1.9132676239
   28	7 	0	-0.1181012327	-1.4289614039	-1.2109304526
   29	6 	0	-0.6176079411	-2.4996658211	-0.2745712757
   30	6 	0	 0.3754783950	-2.9130700671	 0.7888471305
   31	6 	0	-1.2095243449	-1.1026651550	-2.1975152676
   32	6 	0	-0.9102903480	 0.0791175740	-3.0937383135
   33	1 	0	 3.2639968921	-1.6357173580	-1.9463730258
   34	1 	0	 2.5753834498	-1.3974559824	-0.3381432349
   35	1 	0	 2.4059325431	-0.1396085692	-1.5800230977
   36	1 	0	 1.1905776141	-2.9439750433	-1.8218208438
   37	1 	0	 1.0174400809	-1.6447833827	-2.9672802374
   38	1 	0	-0.8784837509	-3.3389687531	-0.9183853888
   39	1 	0	-1.5368956778	-2.1162959095	 0.1626268010
   40	1 	0	 0.6574395289	-2.0735435852	 1.4202590868
   41	1 	0	 1.2755784965	-3.3644425252	 0.3730010717
   42	1 	0	-0.0993502289	-3.6649946506	 1.4188584527
   43	1 	0	-1.3505757050	-2.0148568114	-2.7727675550
   44	1 	0	-2.1078279728	-0.9247666287	-1.6111162667
   45	1 	0	-0.8103362167	 0.9985740191	-2.5218854296
   46	1 	0	-0.0238599443	-0.0601355379	-3.7115484561
   47	1 	0	-1.7544098221	 0.2014811407	-3.7712530437
---------------------------------------------------------------------
SCF Done:  E(scf) =  -736.3249643171     A.U.

IRC-IRC-IRC-IRC-IRC-IRC-IRC-IRC-IRC-IRC-IRC-IRC-IRC-IRC-IRC-IRC-IRC-IRC
Pt 17 Step number   1 out of a maximum of  1
NET REACTION COORDINATE UP TO THIS POINT =        17.0000000000

IRC-IRC-IRC-IRC-IRC-IRC-IRC-IRC-IRC-IRC-IRC-IRC-IRC-IRC-IRC-IRC-IRC-IRC
                         Input orientation:
---------------------------------------------------------------------
Center     Atomic      Atomic             Coordinates (Angstroms)
Number     Number       Type             X           Y           Z
---------------------------------------------------------------------
    1	6 	0	 2.8214428715	 1.0906690689	 2.9474040947
    2	7 	0	 2.1397664106	 1.3354279563	 1.6910804632
    3	6 	0	 2.9144426036	 2.0869761617	 0.7241549399
    4	6 	0	 0.8670003384	 0.9582361967	 1.5079887382
    5	6 	0	 0.0552931760	 1.1340118407	 0.4377898666
    6	6 	0	-1.4113202653	 1.2456309416	 0.6322717324
    7	6 	0	-2.0720879561	 2.3177700003	 0.0154135680
    8	6 	0	-3.4144183571	 2.5691430615	 0.2570505231
    9	6 	0	-4.1324296204	 1.7593512680	 1.1278714412
   10	6 	0	-3.4892875750	 0.7029076930	 1.7628902355
   11	6 	0	-2.1460511637	 0.4476658216	 1.5150587288
   12	1 	0	 3.7188238864	 0.4882939888	 2.7905184172
   13	1 	0	 3.1313383979	 2.0312652873	 3.4145733117
   14	1 	0	 2.1702565185	 0.5645390217	 3.6429989165
   15	1 	0	 2.2834102866	 2.4795121117	-0.0710193495
   16	1 	0	 3.7002045753	 1.4651204392	 0.2819249119
   17	1 	0	 3.4004867549	 2.9349439531	 1.2191535156
   18	1 	0	 0.4120228910	 0.5407764630	 2.3989993743
   19	1 	0	 0.4457519699	 1.6929599385	-0.4079600462
   20	1 	0	 0.0377702952	-0.6456140308	-0.7034459391
   21	1 	0	-1.5179935331	 2.9905818647	-0.6325097596
   22	1 	0	-3.8991480436	 3.4085759883	-0.2305573839
   23	1 	0	-5.1804901950	 1.9505046776	 1.3190879021
   24	1 	0	-4.0361847466	 0.0654282904	 2.4513124916
   25	1 	0	-1.6636624974	-0.3762395380	 2.0376062015
   26	6 	0	 2.4224676886	-1.2410690081	-1.3933222391
   27	6 	0	 1.1550223060	-1.8762400913	-1.9199708014
   28	7 	0	-0.1228874853	-1.4466445602	-1.2340504205
   29	6 	0	-0.6354595614	-2.5028924955	-0.2902243732
   30	6 	0	 0.3454122312	-2.9245259088	 0.7811897145
   31	6 	0	-1.2034997761	-1.0964221237	-2.2219402329
   32	6 	0	-0.8868615118	 0.0849411742	-3.1132574731
   33	1 	0	 3.2689400785	-1.6713309213	-1.9326660757
   34	1 	0	 2.5677886278	-1.4293196315	-0.3310810642
   35	1 	0	 2.4219087785	-0.1674739458	-1.5715521739
   36	1 	0	 1.1793157179	-2.9589272741	-1.8289072827
   37	1 	0	 1.0286012063	-1.6553988976	-2.9733935112
   38	1 	0	-0.8972219047	-3.3365888219	-0.9384567662
   39	1 	0	-1.5541390756	-2.1085606189	 0.1388108290
   40	1 	0	 0.6330063639	-2.0886404995	 1.4151110733
   41	1 	0	 1.2431857574	-3.3889344233	 0.3747511972
   42	1 	0	-0.1455425179	-3.6698794778	 1.4074392817
   43	1 	0	-1.3448058280	-2.0064399052	-2.7968945159
   44	1 	0	-2.1023243725	-0.9118620962	-1.6387226687
   45	1 	0	-0.7794616310	 1.0032345230	-2.5402424959
   46	1 	0	-0.0001967084	-0.0618307100	-3.7290081400
   47	1 	0	-1.7281854058	 0.2163672479	-3.7932687566
---------------------------------------------------------------------
SCF Done:  E(scf) =  -736.3238174804     A.U.

IRC-IRC-IRC-IRC-IRC-IRC-IRC-IRC-IRC-IRC-IRC-IRC-IRC-IRC-IRC-IRC-IRC-IRC
Pt 18 Step number   1 out of a maximum of  1
NET REACTION COORDINATE UP TO THIS POINT =        18.0000000000

IRC-IRC-IRC-IRC-IRC-IRC-IRC-IRC-IRC-IRC-IRC-IRC-IRC-IRC-IRC-IRC-IRC-IRC
                         Input orientation:
---------------------------------------------------------------------
Center     Atomic      Atomic             Coordinates (Angstroms)
Number     Number       Type             X           Y           Z
---------------------------------------------------------------------
    1	6 	0	 2.8567773122	 1.0963229817	 2.9483137266
    2	7 	0	 2.1580255314	 1.3625669546	 1.7027418829
    3	6 	0	 2.9318530719	 2.1135034885	 0.7309563654
    4	6 	0	 0.8705711758	 0.9934860284	 1.5314951427
    5	6 	0	 0.0519891014	 1.1732449029	 0.4681453363
    6	6 	0	-1.4169409898	 1.2715660304	 0.6646394725
    7	6 	0	-2.0979166035	 2.3136133982	 0.0176171022
    8	6 	0	-3.4488709963	 2.5400149989	 0.2440571131
    9	6 	0	-4.1551649103	 1.7348016453	 1.1303287294
   10	6 	0	-3.4920047941	 0.7074669064	 1.7947472614
   11	6 	0	-2.1406639938	 0.4764442516	 1.5614707919
   12	1 	0	 3.7499113015	 0.4917062907	 2.7697887509
   13	1 	0	 3.1762116606	 2.0305329798	 3.4235899575
   14	1 	0	 2.2113092142	 0.5625486019	 3.6443438129
   15	1 	0	 2.2965561805	 2.5205797909	-0.0536558399
   16	1 	0	 3.7053581075	 1.4856716949	 0.2742956807
   17	1 	0	 3.4338497018	 2.9513158711	 1.2279362296
   18	1 	0	 0.4213721735	 0.5670176720	 2.4210171918
   19	1 	0	 0.4370558329	 1.7395524696	-0.3741414400
   20	1 	0	 0.0165816268	-0.6578220087	-0.7210985322
   21	1 	0	-1.5540741676	 2.9806479454	-0.6459888022
   22	1 	0	-3.9492309459	 3.3563916360	-0.2682584092
   23	1 	0	-5.2095091868	 1.9070424164	 1.3086239287
   24	1 	0	-4.0291731393	 0.0742853925	 2.4954267379
   25	1 	0	-1.6454554330	-0.3272878175	 2.1042894827
   26	6 	0	 2.4251166951	-1.2715152371	-1.3886276260
   27	6 	0	 1.1560702065	-1.8957926403	-1.9285111542
   28	7 	0	-0.1247088666	-1.4632615229	-1.2561748814
   29	6 	0	-0.6516973104	-2.5075442899	-0.3107385772
   30	6 	0	 0.3150506744	-2.9373469981	 0.7725792683
   31	6 	0	-1.1945311545	-1.0945920526	-2.2461627465
   32	6 	0	-0.8640415882	 0.0884990491	-3.1334253188
   33	1 	0	 3.2749795714	-1.7071370584	-1.9195526640
   34	1 	0	 2.5590187046	-1.4621530039	-0.3248921014
   35	1 	0	 2.4355854607	-0.1968790054	-1.5646624426
   36	1 	0	 1.1728679559	-2.9793715263	-1.8405496522
   37	1 	0	 1.0422721644	-1.6698973756	-2.9827804472
   38	1 	0	-0.9171608999	-3.3420993358	-0.9567195763
   39	1 	0	-1.5696968664	-2.1031498958	 0.1124336864
   40	1 	0	 0.6083110139	-2.1041014025	 1.4090900913
   41	1 	0	 1.2119469709	-3.4137848955	 0.3767602566
   42	1 	0	-0.1911411170	-3.6755732075	 1.3966679327
   43	1 	0	-1.3438300543	-1.9999441341	-2.8266761137
   44	1 	0	-2.0949720978	-0.9016268402	-1.6670338060
   45	1 	0	-0.7488819857	 1.0056792344	-2.5583560763
   46	1 	0	 0.0237243758	-0.0640070595	-3.7472420614
   47	1 	0	-1.7026986844	 0.2303846761	-3.8161076639
---------------------------------------------------------------------
SCF Done:  E(scf) =  -736.3241802365     A.U.

IRC-IRC-IRC-IRC-IRC-IRC-IRC-IRC-IRC-IRC-IRC-IRC-IRC-IRC-IRC-IRC-IRC-IRC
Pt 19 Step number   1 out of a maximum of  1
NET REACTION COORDINATE UP TO THIS POINT =        19.0000000000

IRC-IRC-IRC-IRC-IRC-IRC-IRC-IRC-IRC-IRC-IRC-IRC-IRC-IRC-IRC-IRC-IRC-IRC
                         Input orientation:
---------------------------------------------------------------------
Center     Atomic      Atomic             Coordinates (Angstroms)
Number     Number       Type             X           Y           Z
---------------------------------------------------------------------
    1	6 	0	 2.8935199230	 1.1018079724	 2.9527094041
    2	7 	0	 2.1778491537	 1.3922845802	 1.7151589349
    3	6 	0	 2.9522579170	 2.1418218270	 0.7348770764
    4	6 	0	 0.8676808145	 1.0295847010	 1.5535715137
    5	6 	0	 0.0504320696	 1.1891314022	 0.4841478997
    6	6 	0	-1.4225724144	 1.3025224110	 0.6995260341
    7	6 	0	-2.1214840248	 2.3120615434	 0.0208081918
    8	6 	0	-3.4822988190	 2.5114303369	 0.2313067009
    9	6 	0	-4.1774495917	 1.7105569808	 1.1329652791
   10	6 	0	-3.4954408451	 0.7121767320	 1.8259764633
   11	6 	0	-2.1354557486	 0.5073964322	 1.6080980551
   12	1 	0	 3.7806383987	 0.4948262023	 2.7483694485
   13	1 	0	 3.2205672009	 2.0307584217	 3.4331178139
   14	1 	0	 2.2506321777	 0.5596964564	 3.6458535710
   15	1 	0	 2.3098787560	 2.5600628239	-0.0380724328
   16	1 	0	 3.7104433434	 1.5043951419	 0.2667070248
   17	1 	0	 3.4679279367	 2.9683697892	 1.2356852169
   18	1 	0	 0.4280506224	 0.5880164613	 2.4418058946
   19	1 	0	 0.4282971525	 1.7914138532	-0.3362552372
   20	1 	0	-0.0144643562	-0.6435832552	-0.7205309379
   21	1 	0	-1.5877108187	 2.9697898960	-0.6608254710
   22	1 	0	-3.9976259913	 3.3028876120	-0.3056425047
   23	1 	0	-5.2378354944	 1.8638295818	 1.2990854612
   24	1 	0	-4.0238227026	 0.0833293469	 2.5373594659
   25	1 	0	-1.6284341182	-0.2775851306	 2.1674215031
   26	6 	0	 2.4268668910	-1.3034826793	-1.3847728861
   27	6 	0	 1.1537777729	-1.9185303266	-1.9375858107
   28	7 	0	-0.1216144229	-1.4714692033	-1.2720505735
   29	6 	0	-0.6660768215	-2.5113223740	-0.3360288074
   30	6 	0	 0.2841778055	-2.9507231626	 0.7639399781
   31	6 	0	-1.1816115316	-1.0958457961	-2.2678058350
   32	6 	0	-0.8420728965	 0.0910796895	-3.1534781161
   33	1 	0	 3.2825344062	-1.7420895964	-1.9057055083
   34	1 	0	 2.5491424828	-1.4950001376	-0.3179927724
   35	1 	0	 2.4471200755	-0.2265846052	-1.5581027092
   36	1 	0	 1.1720913048	-3.0052140658	-1.8565503823
   37	1 	0	 1.0590759925	-1.6869414028	-2.9947609108
   38	1 	0	-0.9397836528	-3.3553151795	-0.9714859103
   39	1 	0	-1.5832658987	-2.0984713410	 0.0848511732
   40	1 	0	 0.5835906521	-2.1190782940	 1.4033697289
   41	1 	0	 1.1819632295	-3.4378828028	 0.3795941060
   42	1 	0	-0.2359272350	-3.6814785993	 1.3878312250
   43	1 	0	-1.3493574522	-1.9938502300	-2.8615366969
   44	1 	0	-2.0855541526	-0.8918824402	-1.6946455220
   45	1 	0	-0.7187734621	 1.0075054379	-2.5756772321
   46	1 	0	 0.0481917558	-0.0653492219	-3.7653343055
   47	1 	0	-1.6780753837	 0.2449442112	-3.8392966023
---------------------------------------------------------------------
SCF Done:  E(scf) =  -736.3243903928     A.U.

IRC-IRC-IRC-IRC-IRC-IRC-IRC-IRC-IRC-IRC-IRC-IRC-IRC-IRC-IRC-IRC-IRC-IRC
Pt 20 Step number   1 out of a maximum of  1
NET REACTION COORDINATE UP TO THIS POINT =        20.0000000000

IRC-IRC-IRC-IRC-IRC-IRC-IRC-IRC-IRC-IRC-IRC-IRC-IRC-IRC-IRC-IRC-IRC-IRC
                         Input orientation:
---------------------------------------------------------------------
Center     Atomic      Atomic             Coordinates (Angstroms)
Number     Number       Type             X           Y           Z
---------------------------------------------------------------------
    1	6 	0	 2.9313365032	 1.1063154273	 2.9608049010
    2	7 	0	 2.1999712668	 1.4236339515	 1.7271961444
    3	6 	0	 2.9760396452	 2.1714406228	 0.7339128908
    4	6 	0	 0.8558529918	 1.0643660862	 1.5713962679
    5	6 	0	 0.0517985173	 1.1709546766	 0.4797302157
    6	6 	0	-1.4279340062	 1.3374007777	 0.7358436664
    7	6 	0	-2.1417378558	 2.3120059745	 0.0233635329
    8	6 	0	-3.5137698668	 2.4826185471	 0.2177943980
    9	6 	0	-4.1984189826	 1.6861976758	 1.1355805429
   10	6 	0	-3.4990929723	 0.7160473001	 1.8563665193
   11	6 	0	-2.1300148717	 0.5392083283	 1.6542384789
   12	1 	0	 3.8103302604	 0.4970742909	 2.7261606550
   13	1 	0	 3.2630434869	 2.0316587920	 3.4424459475
   14	1 	0	 2.2868031209	 0.5550845397	 3.6467911299
   15	1 	0	 2.3221043463	 2.5967633611	-0.0255438092
   16	1 	0	 3.7149561917	 1.5200287559	 0.2574535874
   17	1 	0	 3.5022855580	 2.9852581867	 1.2414027235
   18	1 	0	 0.4311595493	 0.6013515974	 2.4597143001
   19	1 	0	 0.4198003200	 1.8472966208	-0.2946703527
   20	1 	0	-0.0580400676	-0.5996777224	-0.7004010217
   21	1 	0	-1.6180057666	 2.9559330372	-0.6794177535
   22	1 	0	-4.0431786241	 3.2470871267	-0.3436140722
   23	1 	0	-5.2643773075	 1.8210140184	 1.2912992797
   24	1 	0	-4.0197394278	 0.0917746356	 2.5769870120
   25	1 	0	-1.6123252610	-0.2290203712	 2.2256344959
   26	6 	0	 2.4277724574	-1.3361763515	-1.3806763776
   27	6 	0	 1.1469311001	-1.9434202808	-1.9458918991
   28	7 	0	-0.1116532009	-1.4639245128	-1.2764242350
   29	6 	0	-0.6783537280	-2.5119279175	-0.3660099833
   30	6 	0	 0.2525777052	-2.9638442297	 0.7561960301
   31	6 	0	-1.1637339585	-1.0988542083	-2.2844925252
   32	6 	0	-0.8211977561	 0.0939715861	-3.1726521306
   33	1 	0	 3.2920236183	-1.7751423625	-1.8897973262
   34	1 	0	 2.5382287648	-1.5269050706	-0.3087995032
   35	1 	0	 2.4566701084	-0.2553516025	-1.5506217789
   36	1 	0	 1.1778427410	-3.0363611583	-1.8767119030
   37	1 	0	 1.0796357275	-1.7051935655	-3.0086547674
   38	1 	0	-0.9665730795	-3.3760512377	-0.9810678588
   39	1 	0	-1.5945430207	-2.0929325557	 0.0574190891
   40	1 	0	 0.5590824517	-2.1327231739	 1.3991235741
   41	1 	0	 1.1533356258	-3.4601170066	 0.3838186015
   42	1 	0	-0.2796820802	-3.6869984129	 1.3822159781
   43	1 	0	-1.3630970901	-1.9866389248	-2.9009006139
   44	1 	0	-2.0738535408	-0.8804504757	-1.7201536602
   45	1 	0	-0.6893122419	 1.0103104181	-2.5916570245
   46	1 	0	 0.0734938788	-0.0645418325	-3.7823689573
   47	1 	0	-1.6544412300	 0.2614566388	-3.8623624087
---------------------------------------------------------------------
SCF Done:  E(scf) =  -736.3169420521     A.U.

IRC-IRC-IRC-IRC-IRC-IRC-IRC-IRC-IRC-IRC-IRC-IRC-IRC-IRC-IRC-IRC-IRC-IRC
Pt 21 Step number   1 out of a maximum of  1
NET REACTION COORDINATE UP TO THIS POINT =        21.0000000000

IRC-IRC-IRC-IRC-IRC-IRC-IRC-IRC-IRC-IRC-IRC-IRC-IRC-IRC-IRC-IRC-IRC-IRC
Normal termination of Gaussian
