This is Ipopt version 3.11.9, running with linear solver mumps.
NOTE: Other linear solvers might be more efficient (see Ipopt documentation).

Number of nonzeros in equality constraint Jacobian...:    14868
Number of nonzeros in inequality constraint Jacobian.:    28320
Number of nonzeros in Lagrangian Hessian.............:        0

Total number of variables............................:      708
                     variables with only lower bounds:        0
                variables with lower and upper bounds:        0
                     variables with only upper bounds:        0
Total number of equality constraints.................:       21
Total number of inequality constraints...............:       40
        inequality constraints with only lower bounds:        0
   inequality constraints with lower and upper bounds:       40
        inequality constraints with only upper bounds:        0

iter    objective    inf_pr   inf_du lg(mu)  ||d||  lg(rg) alpha_du alpha_pr  ls
   0  9.5360693e-01 2.69e-16 9.46e-02   0.0 0.00e+00    -  0.00e+00 0.00e+00   0
   1  8.8094368e-01 3.71e-16 8.46e-02  -3.9 3.78e-02    -  9.96e-01 1.00e+00f  1
   2  8.0412759e-01 7.69e-16 3.50e-02  -4.9 2.56e-02    -  1.00e+00 1.00e+00h  1
   3  7.0196185e-01 4.17e-16 2.82e-02  -5.9 6.90e-02    -  1.00e+00 1.00e+00h  1
   4  6.4677728e-01 2.57e-16 3.13e-02  -6.4 4.12e-02    -  1.00e+00 1.00e+00h  1
   5  5.8782482e-01 1.32e-03 2.25e-02  -4.7 6.65e-02    -  1.00e+00 6.06e-01h  1
   6  5.8500815e-01 1.29e-03 2.20e-02 -10.8 4.46e-02    -  1.28e-01 3.13e-02h  1
   7  5.6729156e-01 8.62e-04 3.78e-02  -4.2 7.39e-02    -  2.52e-01 1.16e-01f  1
   8  5.5290068e-01 8.31e-04 7.25e-02  -5.3 8.36e-02    -  6.94e-01 8.61e-02h  1
   9  4.5216431e-01 4.82e-03 6.61e-02  -4.5 1.16e-01    -  1.00e+00 9.66e-01h  1
iter    objective    inf_pr   inf_du lg(mu)  ||d||  lg(rg) alpha_du alpha_pr  ls
  10  4.4324067e-01 2.27e-04 6.31e-02  -6.6 4.48e-02    -  6.22e-01 1.00e+00h  1
  11  4.3657493e-01 4.80e-04 9.47e-02  -4.5 1.72e-02    -  1.00e+00 3.11e-01h  1
  12  4.1665985e-01 4.18e-04 1.16e-01  -3.3 7.77e-02    -  9.92e-01 2.46e-01f  1
  13  3.9278748e-01 1.81e-05 1.78e-02  -3.4 2.21e-02    -  9.45e-01 9.07e-01h  1
  14  3.7061594e-01 2.87e-16 3.14e-02  -4.1 1.96e-02    -  9.93e-01 1.00e+00h  1
  15  3.4671394e-01 2.70e-16 1.85e-02  -3.8 2.43e-02    -  1.00e+00 1.00e+00h  1
  16  3.2957970e-01 4.73e-16 1.45e-02  -4.0 1.95e-02    -  9.94e-01 1.00e+00h  1
  17  3.1172274e-01 2.69e-04 1.00e-02  -4.7 2.64e-02    -  1.00e+00 1.00e+00h  1
  18  2.9609274e-01 6.16e-04 1.59e-02  -5.6 2.85e-02    -  1.00e+00 1.00e+00h  1
  19  2.8541820e-01 2.46e-16 1.68e-02  -4.3 1.77e-02    -  1.00e+00 8.69e-01h  1
iter    objective    inf_pr   inf_du lg(mu)  ||d||  lg(rg) alpha_du alpha_pr  ls
  20  2.7482632e-01 2.59e-16 1.13e-02  -4.3 1.82e-02    -  9.49e-01 1.00e+00h  1
  21  2.6532108e-01 3.54e-16 7.74e-03  -4.4 2.16e-02    -  9.98e-01 1.00e+00h  1
  22  2.5795036e-01 2.09e-16 1.04e-02  -5.1 1.07e-02    -  1.00e+00 1.00e+00h  1
  23  2.4635076e-01 1.54e-03 1.24e-02  -5.5 1.83e-02    -  1.00e+00 1.00e+00h  1
  24  2.3948736e-01 5.52e-04 1.07e-02  -5.2 1.16e-02    -  1.00e+00 1.00e+00h  1
  25  2.3270633e-01 3.58e-04 7.33e-03  -5.6 1.47e-02    -  1.00e+00 9.15e-01h  1
  26  2.3001276e-01 2.56e-05 9.60e-03  -5.9 9.69e-03    -  1.00e+00 5.09e-01h  1
  27  2.2898656e-01 7.41e-05 2.34e-02  -6.3 1.11e-02    -  1.00e+00 1.55e-01h  1
  28  2.2561840e-01 1.53e-06 3.43e-02  -5.2 9.45e-03    -  1.00e+00 5.17e-01h  1
  29  2.2158724e-01 1.14e-03 5.53e-03  -5.8 1.10e-02    -  1.00e+00 1.00e+00h  1
iter    objective    inf_pr   inf_du lg(mu)  ||d||  lg(rg) alpha_du alpha_pr  ls
  30  2.1994814e-01 5.67e-04 6.22e-03  -6.1 4.40e-03    -  1.00e+00 1.00e+00h  1
  31  2.1617271e-01 1.71e-03 5.41e-03  -6.2 1.18e-02    -  1.00e+00 1.00e+00h  1
  32  2.1359956e-01 1.31e-03 3.58e-03  -6.6 8.92e-03    -  1.00e+00 1.00e+00h  1

Number of Iterations....: 32

                                   (scaled)                 (unscaled)
Objective...............:   2.1359956113537967e-02    2.1359956113537965e-01
Dual infeasibility......:   3.5836897801401410e-03    3.5836897801401410e-02
Constraint violation....:   1.3050271392229806e-03    1.3050271392229806e-03
Complementarity.........:   2.7875748807432998e-07    2.7875748807432995e-06
Overall NLP error.......:   3.5836897801401410e-03    3.5836897801401410e-02


Number of objective function evaluations             = 33
Number of objective gradient evaluations             = 33
Number of equality constraint evaluations            = 33
Number of inequality constraint evaluations          = 33
Number of equality constraint Jacobian evaluations   = 33
Number of inequality constraint Jacobian evaluations = 33
Number of Lagrangian Hessian evaluations             = 0
Total CPU secs in IPOPT (w/o function evaluations)   =      1.522
Total CPU secs in NLP function evaluations           =    110.902

EXIT: Optimal Solution Found.
