
******************************************************************************
This program contains Ipopt, a library for large-scale nonlinear optimization.
 Ipopt is released as open source code under the Eclipse Public License (EPL).
         For more information visit http://projects.coin-or.org/Ipopt
******************************************************************************

This is Ipopt version 3.11.9, running with linear solver mumps.
NOTE: Other linear solvers might be more efficient (see Ipopt documentation).

Number of nonzeros in equality constraint Jacobian...:    14868
Number of nonzeros in inequality constraint Jacobian.:    28320
Number of nonzeros in Lagrangian Hessian.............:        0

Total number of variables............................:      708
                     variables with only lower bounds:        0
                variables with lower and upper bounds:        0
                     variables with only upper bounds:        0
Total number of equality constraints.................:       21
Total number of inequality constraints...............:       40
        inequality constraints with only lower bounds:        0
   inequality constraints with lower and upper bounds:       40
        inequality constraints with only upper bounds:        0

iter    objective    inf_pr   inf_du lg(mu)  ||d||  lg(rg) alpha_du alpha_pr  ls
   0  1.5585248e-01 4.57e-16 5.00e-02   0.0 0.00e+00    -  0.00e+00 0.00e+00   0
   1  6.2572505e-02 2.94e-16 3.08e-02  -3.7 2.22e-02    -  1.00e+00 1.00e+00f  1
   2  2.6189803e-02 2.75e-16 6.74e-03  -4.0 2.37e-02    -  1.00e+00 1.00e+00h  1

Number of Iterations....: 2

                                   (scaled)                 (unscaled)
Objective...............:   2.6189802639678887e-03    2.6189802639678884e-02
Dual infeasibility......:   6.7400192380407484e-03    6.7400192380407481e-02
Constraint violation....:   2.7509626780719038e-16    2.7509626780719038e-16
Complementarity.........:   1.2432384586432641e-04    1.2432384586432640e-03
Overall NLP error.......:   6.7400192380407484e-03    6.7400192380407481e-02


Number of objective function evaluations             = 3
Number of objective gradient evaluations             = 3
Number of equality constraint evaluations            = 3
Number of inequality constraint evaluations          = 3
Number of equality constraint Jacobian evaluations   = 3
Number of inequality constraint Jacobian evaluations = 3
Number of Lagrangian Hessian evaluations             = 0
Total CPU secs in IPOPT (w/o function evaluations)   =      0.100
Total CPU secs in NLP function evaluations           =      0.150

EXIT: Optimal Solution Found.
This is Ipopt version 3.11.9, running with linear solver mumps.
NOTE: Other linear solvers might be more efficient (see Ipopt documentation).

Number of nonzeros in equality constraint Jacobian...:    14868
Number of nonzeros in inequality constraint Jacobian.:    28320
Number of nonzeros in Lagrangian Hessian.............:        0

Total number of variables............................:      708
                     variables with only lower bounds:        0
                variables with lower and upper bounds:        0
                     variables with only upper bounds:        0
Total number of equality constraints.................:       21
Total number of inequality constraints...............:       40
        inequality constraints with only lower bounds:        0
   inequality constraints with lower and upper bounds:       40
        inequality constraints with only upper bounds:        0

iter    objective    inf_pr   inf_du lg(mu)  ||d||  lg(rg) alpha_du alpha_pr  ls
   0  1.9690024e-01 2.75e-16 4.14e-02   0.0 0.00e+00    -  0.00e+00 0.00e+00   0
   1  1.2033685e-01 5.63e-16 2.82e-02  -3.2 1.70e-02    -  9.69e-01 1.00e+00f  1
   2  6.9046529e-02 2.85e-16 7.89e-03  -3.4 3.05e-02    -  9.72e-01 1.00e+00h  1

Number of Iterations....: 2

                                   (scaled)                 (unscaled)
Objective...............:   6.9046528939557305e-03    6.9046528939557303e-02
Dual infeasibility......:   7.8871160621767841e-03    7.8871160621767841e-02
Constraint violation....:   2.8453772453696370e-16    2.8453772453696370e-16
Complementarity.........:   4.8126151722350846e-04    4.8126151722350840e-03
Overall NLP error.......:   7.8871160621767841e-03    7.8871160621767841e-02


Number of objective function evaluations             = 3
Number of objective gradient evaluations             = 3
Number of equality constraint evaluations            = 3
Number of inequality constraint evaluations          = 3
Number of equality constraint Jacobian evaluations   = 3
Number of inequality constraint Jacobian evaluations = 3
Number of Lagrangian Hessian evaluations             = 0
Total CPU secs in IPOPT (w/o function evaluations)   =      0.112
Total CPU secs in NLP function evaluations           =      0.163

EXIT: Optimal Solution Found.
This is Ipopt version 3.11.9, running with linear solver mumps.
NOTE: Other linear solvers might be more efficient (see Ipopt documentation).

Number of nonzeros in equality constraint Jacobian...:    14868
Number of nonzeros in inequality constraint Jacobian.:    28320
Number of nonzeros in Lagrangian Hessian.............:        0

Total number of variables............................:      708
                     variables with only lower bounds:        0
                variables with lower and upper bounds:        0
                     variables with only upper bounds:        0
Total number of equality constraints.................:       21
Total number of inequality constraints...............:       40
        inequality constraints with only lower bounds:        0
   inequality constraints with lower and upper bounds:       40
        inequality constraints with only upper bounds:        0

iter    objective    inf_pr   inf_du lg(mu)  ||d||  lg(rg) alpha_du alpha_pr  ls
   0  1.8046233e-01 2.85e-16 4.88e-02   0.0 0.00e+00    -  0.00e+00 0.00e+00   0
   1  1.0241956e-01 2.86e-16 1.19e-02  -3.6 1.90e-02    -  9.95e-01 1.00e+00f  1
   2  8.8422614e-02 3.00e-16 5.93e-03  -4.6 7.52e-03    -  1.00e+00 1.00e+00h  1

Number of Iterations....: 2

                                   (scaled)                 (unscaled)
Objective...............:   8.8422614272920148e-03    8.8422614272920141e-02
Dual infeasibility......:   5.9330211190812580e-03    5.9330211190812582e-02
Constraint violation....:   3.0048281422952936e-16    3.0048281422952936e-16
Complementarity.........:   4.9895658146168839e-05    4.9895658146168831e-04
Overall NLP error.......:   5.9330211190812580e-03    5.9330211190812582e-02


Number of objective function evaluations             = 3
Number of objective gradient evaluations             = 3
Number of equality constraint evaluations            = 3
Number of inequality constraint evaluations          = 3
Number of equality constraint Jacobian evaluations   = 3
Number of inequality constraint Jacobian evaluations = 3
Number of Lagrangian Hessian evaluations             = 0
Total CPU secs in IPOPT (w/o function evaluations)   =      0.116
Total CPU secs in NLP function evaluations           =      0.165

EXIT: Optimal Solution Found.
This is Ipopt version 3.11.9, running with linear solver mumps.
NOTE: Other linear solvers might be more efficient (see Ipopt documentation).

Number of nonzeros in equality constraint Jacobian...:    14868
Number of nonzeros in inequality constraint Jacobian.:    28320
Number of nonzeros in Lagrangian Hessian.............:        0

Total number of variables............................:      708
                     variables with only lower bounds:        0
                variables with lower and upper bounds:        0
                     variables with only upper bounds:        0
Total number of equality constraints.................:       21
Total number of inequality constraints...............:       40
        inequality constraints with only lower bounds:        0
   inequality constraints with lower and upper bounds:       40
        inequality constraints with only upper bounds:        0

iter    objective    inf_pr   inf_du lg(mu)  ||d||  lg(rg) alpha_du alpha_pr  ls
   0  1.7646305e-01 3.00e-16 6.28e-02   0.0 0.00e+00    -  0.00e+00 0.00e+00   0
   1  1.1254733e-01 2.89e-16 8.29e-03  -3.0 2.28e-02    -  9.96e-01 1.00e+00f  1
   2  1.0192432e-01 2.62e-16 7.69e-03  -4.1 5.17e-03    -  1.00e+00 1.00e+00h  1

Number of Iterations....: 2

                                   (scaled)                 (unscaled)
Objective...............:   1.0192431507157200e-02    1.0192431507157200e-01
Dual infeasibility......:   7.6927385669784800e-03    7.6927385669784798e-02
Constraint violation....:   2.6169826334620647e-16    2.6169826334620647e-16
Complementarity.........:   1.6772592407961120e-04    1.6772592407961120e-03
Overall NLP error.......:   7.6927385669784800e-03    7.6927385669784798e-02


Number of objective function evaluations             = 3
Number of objective gradient evaluations             = 3
Number of equality constraint evaluations            = 3
Number of inequality constraint evaluations          = 3
Number of equality constraint Jacobian evaluations   = 3
Number of inequality constraint Jacobian evaluations = 3
Number of Lagrangian Hessian evaluations             = 0
Total CPU secs in IPOPT (w/o function evaluations)   =      0.104
Total CPU secs in NLP function evaluations           =      0.175

EXIT: Optimal Solution Found.
This is Ipopt version 3.11.9, running with linear solver mumps.
NOTE: Other linear solvers might be more efficient (see Ipopt documentation).

Number of nonzeros in equality constraint Jacobian...:    14868
Number of nonzeros in inequality constraint Jacobian.:    28320
Number of nonzeros in Lagrangian Hessian.............:        0

Total number of variables............................:      708
                     variables with only lower bounds:        0
                variables with lower and upper bounds:        0
                     variables with only upper bounds:        0
Total number of equality constraints.................:       21
Total number of inequality constraints...............:       40
        inequality constraints with only lower bounds:        0
   inequality constraints with lower and upper bounds:       40
        inequality constraints with only upper bounds:        0

iter    objective    inf_pr   inf_du lg(mu)  ||d||  lg(rg) alpha_du alpha_pr  ls
   0  9.9248959e-02 2.62e-16 5.50e-02   0.0 0.00e+00    -  0.00e+00 0.00e+00   0
   1  7.0865857e-02 9.41e-16 9.56e-03  -3.3 2.13e-02    -  9.73e-01 1.00e+00f  1
   2  6.1679659e-02 6.39e-16 6.62e-03  -4.3 4.28e-03    -  1.00e+00 1.00e+00h  1

Number of Iterations....: 2

                                   (scaled)                 (unscaled)
Objective...............:   6.1679658838834075e-03    6.1679658838834070e-02
Dual infeasibility......:   6.6171771167340392e-03    6.6171771167340396e-02
Constraint violation....:   6.3884433673069767e-16    6.3884433673069767e-16
Complementarity.........:   1.0477913357252763e-04    1.0477913357252761e-03
Overall NLP error.......:   6.6171771167340392e-03    6.6171771167340396e-02


Number of objective function evaluations             = 3
Number of objective gradient evaluations             = 3
Number of equality constraint evaluations            = 3
Number of inequality constraint evaluations          = 3
Number of equality constraint Jacobian evaluations   = 3
Number of inequality constraint Jacobian evaluations = 3
Number of Lagrangian Hessian evaluations             = 0
Total CPU secs in IPOPT (w/o function evaluations)   =      0.115
Total CPU secs in NLP function evaluations           =      0.168

EXIT: Optimal Solution Found.
This is Ipopt version 3.11.9, running with linear solver mumps.
NOTE: Other linear solvers might be more efficient (see Ipopt documentation).

Number of nonzeros in equality constraint Jacobian...:    14868
Number of nonzeros in inequality constraint Jacobian.:    28320
Number of nonzeros in Lagrangian Hessian.............:        0

Total number of variables............................:      708
                     variables with only lower bounds:        0
                variables with lower and upper bounds:        0
                     variables with only upper bounds:        0
Total number of equality constraints.................:       21
Total number of inequality constraints...............:       40
        inequality constraints with only lower bounds:        0
   inequality constraints with lower and upper bounds:       40
        inequality constraints with only upper bounds:        0

iter    objective    inf_pr   inf_du lg(mu)  ||d||  lg(rg) alpha_du alpha_pr  ls
   0  2.1798965e-02 6.39e-16 1.44e-02   0.0 0.00e+00    -  0.00e+00 0.00e+00   0
   1  1.6834974e-02 2.23e-16 1.53e-02  -3.5 3.72e-03    -  9.93e-01 1.00e+00f  1
   2  9.7079904e-03 2.28e-16 4.15e-03  -4.9 9.29e-03    -  1.00e+00 1.00e+00h  1

Number of Iterations....: 2

                                   (scaled)                 (unscaled)
Objective...............:   9.7079903577949064e-04    9.7079903577949062e-03
Dual infeasibility......:   4.1506795082700988e-03    4.1506795082700984e-02
Constraint violation....:   2.2789567943504785e-16    2.2789567943504785e-16
Complementarity.........:   3.9588649230148030e-05    3.9588649230148026e-04
Overall NLP error.......:   4.1506795082700988e-03    4.1506795082700984e-02


Number of objective function evaluations             = 3
Number of objective gradient evaluations             = 3
Number of equality constraint evaluations            = 3
Number of inequality constraint evaluations          = 3
Number of equality constraint Jacobian evaluations   = 3
Number of inequality constraint Jacobian evaluations = 3
Number of Lagrangian Hessian evaluations             = 0
Total CPU secs in IPOPT (w/o function evaluations)   =      0.117
Total CPU secs in NLP function evaluations           =      0.171

EXIT: Optimal Solution Found.
This is Ipopt version 3.11.9, running with linear solver mumps.
NOTE: Other linear solvers might be more efficient (see Ipopt documentation).

Number of nonzeros in equality constraint Jacobian...:    14868
Number of nonzeros in inequality constraint Jacobian.:    28320
Number of nonzeros in Lagrangian Hessian.............:        0

Total number of variables............................:      708
                     variables with only lower bounds:        0
                variables with lower and upper bounds:        0
                     variables with only upper bounds:        0
Total number of equality constraints.................:       21
Total number of inequality constraints...............:       40
        inequality constraints with only lower bounds:        0
   inequality constraints with lower and upper bounds:       40
        inequality constraints with only upper bounds:        0

iter    objective    inf_pr   inf_du lg(mu)  ||d||  lg(rg) alpha_du alpha_pr  ls
   0  6.0213793e-03 2.28e-16 7.86e-03   0.0 0.00e+00    -  0.00e+00 0.00e+00   0
   1  4.8340898e-03 3.48e-16 3.14e-03  -3.9 3.07e-03    -  9.95e-01 1.00e+00f  1

Number of Iterations....: 1

                                   (scaled)                 (unscaled)
Objective...............:   4.8340897788579643e-04    4.8340897788579640e-03
Dual infeasibility......:   3.1356576348997214e-03    3.1356576348997217e-02
Constraint violation....:   3.4831428344860248e-16    3.4831428344860248e-16
Complementarity.........:   2.9257250586651415e-04    2.9257250586651414e-03
Overall NLP error.......:   3.1356576348997214e-03    3.1356576348997217e-02


Number of objective function evaluations             = 2
Number of objective gradient evaluations             = 2
Number of equality constraint evaluations            = 2
Number of inequality constraint evaluations          = 2
Number of equality constraint Jacobian evaluations   = 2
Number of inequality constraint Jacobian evaluations = 2
Number of Lagrangian Hessian evaluations             = 0
Total CPU secs in IPOPT (w/o function evaluations)   =      0.083
Total CPU secs in NLP function evaluations           =      0.114

EXIT: Optimal Solution Found.
This is Ipopt version 3.11.9, running with linear solver mumps.
NOTE: Other linear solvers might be more efficient (see Ipopt documentation).

Number of nonzeros in equality constraint Jacobian...:    14868
Number of nonzeros in inequality constraint Jacobian.:    28320
Number of nonzeros in Lagrangian Hessian.............:        0

Total number of variables............................:      708
                     variables with only lower bounds:        0
                variables with lower and upper bounds:        0
                     variables with only upper bounds:        0
Total number of equality constraints.................:       21
Total number of inequality constraints...............:       40
        inequality constraints with only lower bounds:        0
   inequality constraints with lower and upper bounds:       40
        inequality constraints with only upper bounds:        0

iter    objective    inf_pr   inf_du lg(mu)  ||d||  lg(rg) alpha_du alpha_pr  ls
   0  4.4051281e-03 3.48e-16 4.26e-03   0.0 0.00e+00    -  0.00e+00 0.00e+00   0
   1  3.6277815e-03 6.09e-16 3.44e-03  -3.7 1.30e-03    -  1.00e+00 1.00e+00f  1

Number of Iterations....: 1

                                   (scaled)                 (unscaled)
Objective...............:   3.6277814798663923e-04    3.6277814798663923e-03
Dual infeasibility......:   3.4401061196927688e-03    3.4401061196927686e-02
Constraint violation....:   6.0851549927643922e-16    6.0851549927643922e-16
Complementarity.........:   3.5390098111154599e-04    3.5390098111154596e-03
Overall NLP error.......:   3.4401061196927688e-03    3.4401061196927686e-02


Number of objective function evaluations             = 2
Number of objective gradient evaluations             = 2
Number of equality constraint evaluations            = 2
Number of inequality constraint evaluations          = 2
Number of equality constraint Jacobian evaluations   = 2
Number of inequality constraint Jacobian evaluations = 2
Number of Lagrangian Hessian evaluations             = 0
Total CPU secs in IPOPT (w/o function evaluations)   =      0.086
Total CPU secs in NLP function evaluations           =      0.114

EXIT: Optimal Solution Found.
This is Ipopt version 3.11.9, running with linear solver mumps.
NOTE: Other linear solvers might be more efficient (see Ipopt documentation).

Number of nonzeros in equality constraint Jacobian...:    14868
Number of nonzeros in inequality constraint Jacobian.:    28320
Number of nonzeros in Lagrangian Hessian.............:        0

Total number of variables............................:      708
                     variables with only lower bounds:        0
                variables with lower and upper bounds:        0
                     variables with only upper bounds:        0
Total number of equality constraints.................:       21
Total number of inequality constraints...............:       40
        inequality constraints with only lower bounds:        0
   inequality constraints with lower and upper bounds:       40
        inequality constraints with only upper bounds:        0

iter    objective    inf_pr   inf_du lg(mu)  ||d||  lg(rg) alpha_du alpha_pr  ls
   0  3.4047650e-03 6.09e-16 3.62e-03   0.0 0.00e+00    -  0.00e+00 0.00e+00   0
   1  2.8903282e-03 6.08e-16 1.81e-03  -3.9 1.44e-03    -  9.95e-01 1.00e+00f  1

Number of Iterations....: 1

                                   (scaled)                 (unscaled)
Objective...............:   2.8903281587427292e-04    2.8903281587427292e-03
Dual infeasibility......:   1.8145894104395282e-03    1.8145894104395283e-02
Constraint violation....:   6.0811873888631550e-16    6.0811873888631550e-16
Complementarity.........:   2.9576207130237788e-04    2.9576207130237787e-03
Overall NLP error.......:   1.8145894104395282e-03    1.8145894104395283e-02


Number of objective function evaluations             = 2
Number of objective gradient evaluations             = 2
Number of equality constraint evaluations            = 2
Number of inequality constraint evaluations          = 2
Number of equality constraint Jacobian evaluations   = 2
Number of inequality constraint Jacobian evaluations = 2
Number of Lagrangian Hessian evaluations             = 0
Total CPU secs in IPOPT (w/o function evaluations)   =      0.086
Total CPU secs in NLP function evaluations           =      0.101

EXIT: Optimal Solution Found.
This is Ipopt version 3.11.9, running with linear solver mumps.
NOTE: Other linear solvers might be more efficient (see Ipopt documentation).

Number of nonzeros in equality constraint Jacobian...:    14868
Number of nonzeros in inequality constraint Jacobian.:    28320
Number of nonzeros in Lagrangian Hessian.............:        0

Total number of variables............................:      708
                     variables with only lower bounds:        0
                variables with lower and upper bounds:        0
                     variables with only upper bounds:        0
Total number of equality constraints.................:       21
Total number of inequality constraints...............:       40
        inequality constraints with only lower bounds:        0
   inequality constraints with lower and upper bounds:       40
        inequality constraints with only upper bounds:        0

iter    objective    inf_pr   inf_du lg(mu)  ||d||  lg(rg) alpha_du alpha_pr  ls
   0  2.7486694e-03 6.08e-16 3.08e-03   0.0 0.00e+00    -  0.00e+00 0.00e+00   0
   1  2.3809385e-03 2.69e-16 1.96e-03  -3.9 8.14e-04    -  9.96e-01 1.00e+00f  1

Number of Iterations....: 1

                                   (scaled)                 (unscaled)
Objective...............:   2.3809384837457826e-04    2.3809384837457826e-03
Dual infeasibility......:   1.9646449442995931e-03    1.9646449442995931e-02
Constraint violation....:   2.6854372310075292e-16    2.6854372310075292e-16
Complementarity.........:   2.8435938101346110e-04    2.8435938101346110e-03
Overall NLP error.......:   1.9646449442995931e-03    1.9646449442995931e-02


Number of objective function evaluations             = 2
Number of objective gradient evaluations             = 2
Number of equality constraint evaluations            = 2
Number of inequality constraint evaluations          = 2
Number of equality constraint Jacobian evaluations   = 2
Number of inequality constraint Jacobian evaluations = 2
Number of Lagrangian Hessian evaluations             = 0
Total CPU secs in IPOPT (w/o function evaluations)   =      0.120
Total CPU secs in NLP function evaluations           =      0.101

EXIT: Optimal Solution Found.
